<html>
<body>
<pre>
<h1>µVision Build Log</h1>
<h2>Tool Versions:</h2>
IDE-Version: ¦ÌVision V5.36.0.0
Copyright (C) 2021 ARM Ltd and ARM Germany GmbH. All rights reserved.
License Information: a yjc, s, LIC=32B1Q-N8QHI-X7YRZ-JSVYR-2SW4C-4BYJ2
 
Tool Versions:
Toolchain:       MDK-ARM Plus  Version: 5.36.0.0
Toolchain Path:  E:\Keil_v5\ARM\ARMCC\Bin
C Compiler:      Armcc.exe V5.06 update 7 (build 960)
Assembler:       Armasm.exe V5.06 update 7 (build 960)
Linker/Locator:  ArmLink.exe V5.06 update 7 (build 960)
Library Manager: ArmAr.exe V5.06 update 7 (build 960)
Hex Converter:   FromElf.exe V5.06 update 7 (build 960)
CPU DLL:         SARMCM3.DLL V5.36.0.0
Dialog DLL:      DCM.DLL V1.17.3.0
Target DLL:      STLink\ST-LINKIII-KEIL_SWO.dll V3.0.9.0
Dialog DLL:      TCM.DLL V1.53.0.0
 
<h2>Project:</h2>
F:\Epaper\FreeRTOS_Epaper\Project\RVMDK£¨uv5£©\BH-F103.uvprojx
Project File Date:  12/01/2025

<h2>Output:</h2>
*** Using Compiler 'V5.06 update 7 (build 960)', folder: 'E:\Keil_v5\ARM\ARMCC\Bin'
Build target 'Led'
compiling ds1302.c...
..\..\User\ds1302\ds1302.h(89): warning:  #1-D: last line of file ends without a newline
  #endif
..\..\User\ds1302\ds1302.c(284): warning:  #1-D: last line of file ends without a newline
   
..\..\User\ds1302\ds1302.c: 2 warnings, 0 errors
compiling main.c...
..\..\User\FreeRTOSConfig.h(175): warning:  #1-D: last line of file ends without a newline
  #endif /* FREERTOS_CONFIG_H */
..\..\User\EPD_W21\epaper.h(8): warning:  #47-D: incompatible redefinition of macro "OFF"  (declared at line 47 of "..\..\User\epaper\bsp_epaper.h")
  #define OFF 3 
..\..\User\ds1302\ds1302.h(89): warning:  #1-D: last line of file ends without a newline
  #endif
..\..\User\main.c(253): warning:  #111-D: statement is unreachable
  	EPD_HW_Init(); 																		//Electronic paper initialization
..\..\User\main.c(57): warning:  #550-D: variable "second_l"  was set but never used
  	int second_l , second_h ,minute_l , minute_h , hour_l , hour_h= 0;
..\..\User\main.c(57): warning:  #550-D: variable "second_h"  was set but never used
  	int second_l , second_h ,minute_l , minute_h , hour_l , hour_h= 0;
..\..\User\main.c(57): warning:  #550-D: variable "hour_l"  was set but never used
  	int second_l , second_h ,minute_l , minute_h , hour_l , hour_h= 0;
..\..\User\main.c(57): warning:  #550-D: variable "hour_h"  was set but never used
  	int second_l , second_h ,minute_l , minute_h , hour_l , hour_h= 0;
..\..\User\main.c: 8 warnings, 0 errors
linking...
Program Size: Code=18630 RO-data=47346 RW-data=216 ZI-data=10080  
FromELF: creating hex file...
"..\..\Output\Á÷Ë®µÆ.axf" - 0 Error(s), 10 Warning(s).

<h2>Software Packages used:</h2>

Package Vendor: Keil
                https://www.keil.com/pack/Keil.STM32F1xx_DFP.2.4.1.pack
                Keil.STM32F1xx_DFP.2.4.1
                STMicroelectronics STM32F1 Series Device Support, Drivers and Examples

<h2>Collection of Component include folders:</h2>
  C:\Users\yjc\AppData\Local\Arm\Packs\Keil\STM32F1xx_DFP\2.4.1\Device\Include

<h2>Collection of Component Files used:</h2>
Build Time Elapsed:  00:00:01
</pre>
</body>
</html>
