Component: ARM Compiler 5.06 update 7 (build 960) Tool: armlink [4d3601]

==============================================================================

Section Cross References

    startup_stm32f10x_md.o(RESET) refers to startup_stm32f10x_md.o(STACK) for __initial_sp
    startup_stm32f10x_md.o(RESET) refers to startup_stm32f10x_md.o(.text) for Reset_Handler
    startup_stm32f10x_md.o(RESET) refers to stm32f10x_it.o(.text) for NMI_Handler
    startup_stm32f10x_md.o(RESET) refers to port.o(.emb_text) for SVC_Handler
    startup_stm32f10x_md.o(RESET) refers to main.o(.text) for EXTI15_10_IRQHandler
    startup_stm32f10x_md.o(.text) refers to system_stm32f10x.o(.text) for SystemInit
    startup_stm32f10x_md.o(.text) refers to entry.o(.ARM.Collect$$$$00000000) for __main
    system_stm32f10x.o(.text) refers to system_stm32f10x.o(.data) for SystemCoreClock
    stm32f10x_adc.o(.text) refers to stm32f10x_rcc.o(.text) for RCC_APB2PeriphResetCmd
    stm32f10x_bkp.o(.text) refers to stm32f10x_rcc.o(.text) for RCC_BackupResetCmd
    stm32f10x_can.o(.text) refers to stm32f10x_rcc.o(.text) for RCC_APB1PeriphResetCmd
    stm32f10x_cec.o(.text) refers to stm32f10x_rcc.o(.text) for RCC_APB1PeriphResetCmd
    stm32f10x_dac.o(.text) refers to stm32f10x_rcc.o(.text) for RCC_APB1PeriphResetCmd
    stm32f10x_gpio.o(.text) refers to stm32f10x_rcc.o(.text) for RCC_APB2PeriphResetCmd
    stm32f10x_i2c.o(.text) refers to stm32f10x_rcc.o(.text) for RCC_APB1PeriphResetCmd
    stm32f10x_pwr.o(.text) refers to stm32f10x_rcc.o(.text) for RCC_APB1PeriphResetCmd
    stm32f10x_rcc.o(.text) refers to stm32f10x_rcc.o(.data) for APBAHBPrescTable
    stm32f10x_spi.o(.text) refers to stm32f10x_rcc.o(.text) for RCC_APB2PeriphResetCmd
    stm32f10x_tim.o(.text) refers to stm32f10x_rcc.o(.text) for RCC_APB2PeriphResetCmd
    stm32f10x_usart.o(.text) refers to stm32f10x_rcc.o(.text) for RCC_APB2PeriphResetCmd
    stm32f10x_wwdg.o(.text) refers to stm32f10x_rcc.o(.text) for RCC_APB1PeriphResetCmd
    main.o(.text) refers to stm32f10x_exti.o(.text) for EXTI_GetITStatus
    main.o(.text) refers to stm32f10x_gpio.o(.text) for GPIO_ReadInputDataBit
    main.o(.text) refers to queue.o(.text) for xQueueGenericSendFromISR
    main.o(.text) refers to tasks.o(.text) for xTaskGetTickCount
    main.o(.text) refers to port.o(.text) for vPortEnterCritical
    main.o(.text) refers to ds1302.o(.text) for DS1302_GetTime
    main.o(.text) refers to epaper.o(.text) for EPD_W21_Init
    main.o(.text) refers to bsp_led.o(.text) for LED_GPIO_Config
    main.o(.text) refers to bsp_exti.o(.text) for EXTI_Key_Config
    main.o(.text) refers to bsp_epaper.o(.text) for EPAPER_GPIO_Config
    main.o(.text) refers to main.o(.data) for xHigherPriorityTaskWoken
    main.o(.text) refers to ds1302.o(.data) for Time
    main.o(.text) refers to main.o(.constdata) for gImage_DOT
    main.o(.data) refers to main.o(.constdata) for gImage_num0
    stm32f10x_it.o(.text) refers to tasks.o(.text) for xTaskGetSchedulerState
    stm32f10x_it.o(.text) refers to port.o(.text) for xPortSysTickHandler
    bsp_led.o(.text) refers to stm32f10x_rcc.o(.text) for RCC_APB2PeriphClockCmd
    bsp_led.o(.text) refers to stm32f10x_gpio.o(.text) for GPIO_Init
    epaper.o(.text) refers to stm32f10x_gpio.o(.text) for GPIO_ResetBits
    epaper.o(.text) refers to epaper.o(.constdata) for LUT_DATA_4Gray
    bsp_epaper.o(.text) refers to stm32f10x_rcc.o(.text) for RCC_APB2PeriphClockCmd
    bsp_epaper.o(.text) refers to stm32f10x_gpio.o(.text) for GPIO_Init
    ds1302.o(.text) refers to stm32f10x_rcc.o(.text) for RCC_APB2PeriphClockCmd
    ds1302.o(.text) refers to stm32f10x_gpio.o(.text) for GPIO_Init
    ds1302.o(.text) refers to system_stm32f10x.o(.data) for SystemCoreClock
    ds1302.o(.text) refers to ds1302.o(.data) for Time
    bsp_systick.o(.text) refers to system_stm32f10x.o(.data) for SystemCoreClock
    bsp_systick.o(.text) refers to bsp_systick.o(.data) for TimingDelay
    bsp_exti.o(.text) refers to misc.o(.text) for NVIC_PriorityGroupConfig
    bsp_exti.o(.text) refers to stm32f10x_rcc.o(.text) for RCC_APB2PeriphClockCmd
    bsp_exti.o(.text) refers to stm32f10x_gpio.o(.text) for GPIO_Init
    bsp_exti.o(.text) refers to stm32f10x_exti.o(.text) for EXTI_Init
    event_groups.o(.text) refers to heap_4.o(.text) for pvPortMalloc
    event_groups.o(.text) refers to list.o(.text) for vListInitialise
    event_groups.o(.text) refers to printf3.o(i.__0printf$3) for __2printf
    event_groups.o(.text) refers to tasks.o(.text) for vTaskSuspendAll
    event_groups.o(.text) refers to port.o(.text) for vPortEnterCritical
    queue.o(.text) refers to printf3.o(i.__0printf$3) for __2printf
    queue.o(.text) refers to port.o(.text) for vPortEnterCritical
    queue.o(.text) refers to tasks.o(.text) for xTaskRemoveFromEventList
    queue.o(.text) refers to list.o(.text) for vListInitialise
    queue.o(.text) refers to heap_4.o(.text) for pvPortMalloc
    queue.o(.text) refers to memcpya.o(.text) for __aeabi_memcpy
    queue.o(.text) refers to queue.o(.bss) for xQueueRegistry
    tasks.o(.text) refers to list.o(.text) for vListInitialise
    tasks.o(.text) refers to port.o(.text) for vPortEnterCritical
    tasks.o(.text) refers to printf3.o(i.__0printf$3) for __2printf
    tasks.o(.text) refers to heap_4.o(.text) for pvPortMalloc
    tasks.o(.text) refers to tasks.o(.bss) for pxReadyTasksLists
    tasks.o(.text) refers to tasks.o(.data) for pxDelayedTaskList
    tasks.o(.text) refers to timers.o(.text) for xTimerCreateTimerTask
    timers.o(.text) refers to list.o(.text) for vListInsert
    timers.o(.text) refers to printf3.o(i.__0printf$3) for __2printf
    timers.o(.text) refers to tasks.o(.text) for xTaskGetSchedulerState
    timers.o(.text) refers to queue.o(.text) for xQueueGenericSend
    timers.o(.text) refers to heap_4.o(.text) for vPortFree
    timers.o(.text) refers to port.o(.text) for vPortEnterCritical
    timers.o(.text) refers to timers.o(.data) for pxOverflowTimerList
    timers.o(.text) refers to timers.o(.bss) for xActiveTimerList1
    heap_4.o(.text) refers to tasks.o(.text) for vTaskSuspendAll
    heap_4.o(.text) refers to printf3.o(i.__0printf$3) for __2printf
    heap_4.o(.text) refers to heap_4.o(.data) for xStart
    heap_4.o(.text) refers to heap_4.o(.bss) for ucHeap
    port.o(.emb_text) refers to tasks.o(.text) for vTaskSwitchContext
    port.o(.emb_text) refers to tasks.o(.data) for pxCurrentTCB
    port.o(.text) refers to printf3.o(i.__0printf$3) for __2printf
    port.o(.text) refers to port.o(.emb_text) for __asm___6_port_c_39a90d8d__prvStartFirstTask
    port.o(.text) refers to tasks.o(.text) for xTaskIncrementTick
    port.o(.text) refers to port.o(.data) for uxCriticalNesting
    port.o(.text) refers to system_stm32f10x.o(.data) for SystemCoreClock
    entry.o(.ARM.Collect$$$$00000000) refers (Special) to entry10a.o(.ARM.Collect$$$$0000000F) for __rt_final_cpp
    entry.o(.ARM.Collect$$$$00000000) refers (Special) to entry11a.o(.ARM.Collect$$$$00000011) for __rt_final_exit
    entry.o(.ARM.Collect$$$$00000000) refers (Special) to entry12b.o(.ARM.Collect$$$$0000000E) for __rt_lib_shutdown_fini
    entry.o(.ARM.Collect$$$$00000000) refers (Special) to entry7b.o(.ARM.Collect$$$$00000008) for _main_clock
    entry.o(.ARM.Collect$$$$00000000) refers (Special) to entry8b.o(.ARM.Collect$$$$0000000A) for _main_cpp_init
    entry.o(.ARM.Collect$$$$00000000) refers (Special) to entry9a.o(.ARM.Collect$$$$0000000B) for _main_init
    entry.o(.ARM.Collect$$$$00000000) refers (Special) to entry5.o(.ARM.Collect$$$$00000004) for _main_scatterload
    entry.o(.ARM.Collect$$$$00000000) refers (Special) to entry2.o(.ARM.Collect$$$$00000001) for _main_stk
    printfb.o(i.__0fprintf$bare) refers to printfb.o(i._printf_core) for _printf_core
    printfb.o(i.__0fprintf$bare) refers to fputc.o(i.fputc) for fputc
    printfb.o(i.__0printf$bare) refers to printfb.o(i._printf_core) for _printf_core
    printfb.o(i.__0printf$bare) refers to fputc.o(i.fputc) for fputc
    printfb.o(i.__0printf$bare) refers to stdout.o(.data) for __stdout
    printfb.o(i.__0snprintf$bare) refers to printfb.o(i._printf_core) for _printf_core
    printfb.o(i.__0snprintf$bare) refers to printfb.o(i._snputc) for _snputc
    printfb.o(i.__0sprintf$bare) refers to printfb.o(i._printf_core) for _printf_core
    printfb.o(i.__0sprintf$bare) refers to printfb.o(i._sputc) for _sputc
    printfb.o(i.__0vfprintf$bare) refers to printfb.o(i._printf_core) for _printf_core
    printfb.o(i.__0vfprintf$bare) refers to fputc.o(i.fputc) for fputc
    printfb.o(i.__0vprintf$bare) refers to printfb.o(i._printf_core) for _printf_core
    printfb.o(i.__0vprintf$bare) refers to fputc.o(i.fputc) for fputc
    printfb.o(i.__0vprintf$bare) refers to stdout.o(.data) for __stdout
    printfb.o(i.__0vsnprintf$bare) refers to printfb.o(i._printf_core) for _printf_core
    printfb.o(i.__0vsnprintf$bare) refers to printfb.o(i._snputc) for _snputc
    printfb.o(i.__0vsprintf$bare) refers to printfb.o(i._printf_core) for _printf_core
    printfb.o(i.__0vsprintf$bare) refers to printfb.o(i._sputc) for _sputc
    printf0.o(i.__0fprintf$0) refers to printf0.o(i._printf_core) for _printf_core
    printf0.o(i.__0fprintf$0) refers to fputc.o(i.fputc) for fputc
    printf0.o(i.__0printf$0) refers to printf0.o(i._printf_core) for _printf_core
    printf0.o(i.__0printf$0) refers to fputc.o(i.fputc) for fputc
    printf0.o(i.__0printf$0) refers to stdout.o(.data) for __stdout
    printf0.o(i.__0snprintf$0) refers to printf0.o(i._printf_core) for _printf_core
    printf0.o(i.__0snprintf$0) refers to printf0.o(i._snputc) for _snputc
    printf0.o(i.__0sprintf$0) refers to printf0.o(i._printf_core) for _printf_core
    printf0.o(i.__0sprintf$0) refers to printf0.o(i._sputc) for _sputc
    printf0.o(i.__0vfprintf$0) refers to printf0.o(i._printf_core) for _printf_core
    printf0.o(i.__0vfprintf$0) refers to fputc.o(i.fputc) for fputc
    printf0.o(i.__0vprintf$0) refers to printf0.o(i._printf_core) for _printf_core
    printf0.o(i.__0vprintf$0) refers to fputc.o(i.fputc) for fputc
    printf0.o(i.__0vprintf$0) refers to stdout.o(.data) for __stdout
    printf0.o(i.__0vsnprintf$0) refers to printf0.o(i._printf_core) for _printf_core
    printf0.o(i.__0vsnprintf$0) refers to printf0.o(i._snputc) for _snputc
    printf0.o(i.__0vsprintf$0) refers to printf0.o(i._printf_core) for _printf_core
    printf0.o(i.__0vsprintf$0) refers to printf0.o(i._sputc) for _sputc
    printf1.o(i.__0fprintf$1) refers to printf1.o(i._printf_core) for _printf_core
    printf1.o(i.__0fprintf$1) refers to fputc.o(i.fputc) for fputc
    printf1.o(i.__0printf$1) refers to printf1.o(i._printf_core) for _printf_core
    printf1.o(i.__0printf$1) refers to fputc.o(i.fputc) for fputc
    printf1.o(i.__0printf$1) refers to stdout.o(.data) for __stdout
    printf1.o(i.__0snprintf$1) refers to printf1.o(i._printf_core) for _printf_core
    printf1.o(i.__0snprintf$1) refers to printf1.o(i._snputc) for _snputc
    printf1.o(i.__0sprintf$1) refers to printf1.o(i._printf_core) for _printf_core
    printf1.o(i.__0sprintf$1) refers to printf1.o(i._sputc) for _sputc
    printf1.o(i.__0vfprintf$1) refers to printf1.o(i._printf_core) for _printf_core
    printf1.o(i.__0vfprintf$1) refers to fputc.o(i.fputc) for fputc
    printf1.o(i.__0vprintf$1) refers to printf1.o(i._printf_core) for _printf_core
    printf1.o(i.__0vprintf$1) refers to fputc.o(i.fputc) for fputc
    printf1.o(i.__0vprintf$1) refers to stdout.o(.data) for __stdout
    printf1.o(i.__0vsnprintf$1) refers to printf1.o(i._printf_core) for _printf_core
    printf1.o(i.__0vsnprintf$1) refers to printf1.o(i._snputc) for _snputc
    printf1.o(i.__0vsprintf$1) refers to printf1.o(i._printf_core) for _printf_core
    printf1.o(i.__0vsprintf$1) refers to printf1.o(i._sputc) for _sputc
    printf1.o(i._printf_core) refers to uidiv.o(.text) for __aeabi_uidivmod
    printf2.o(i.__0fprintf$2) refers to printf2.o(i._printf_core) for _printf_core
    printf2.o(i.__0fprintf$2) refers to fputc.o(i.fputc) for fputc
    printf2.o(i.__0printf$2) refers to printf2.o(i._printf_core) for _printf_core
    printf2.o(i.__0printf$2) refers to fputc.o(i.fputc) for fputc
    printf2.o(i.__0printf$2) refers to stdout.o(.data) for __stdout
    printf2.o(i.__0snprintf$2) refers to printf2.o(i._printf_core) for _printf_core
    printf2.o(i.__0snprintf$2) refers to printf2.o(i._snputc) for _snputc
    printf2.o(i.__0sprintf$2) refers to printf2.o(i._printf_core) for _printf_core
    printf2.o(i.__0sprintf$2) refers to printf2.o(i._sputc) for _sputc
    printf2.o(i.__0vfprintf$2) refers to printf2.o(i._printf_core) for _printf_core
    printf2.o(i.__0vfprintf$2) refers to fputc.o(i.fputc) for fputc
    printf2.o(i.__0vprintf$2) refers to printf2.o(i._printf_core) for _printf_core
    printf2.o(i.__0vprintf$2) refers to fputc.o(i.fputc) for fputc
    printf2.o(i.__0vprintf$2) refers to stdout.o(.data) for __stdout
    printf2.o(i.__0vsnprintf$2) refers to printf2.o(i._printf_core) for _printf_core
    printf2.o(i.__0vsnprintf$2) refers to printf2.o(i._snputc) for _snputc
    printf2.o(i.__0vsprintf$2) refers to printf2.o(i._printf_core) for _printf_core
    printf2.o(i.__0vsprintf$2) refers to printf2.o(i._sputc) for _sputc
    printf3.o(i.__0fprintf$3) refers to printf3.o(i._printf_core) for _printf_core
    printf3.o(i.__0fprintf$3) refers to fputc.o(i.fputc) for fputc
    printf3.o(i.__0printf$3) refers to printf3.o(i._printf_core) for _printf_core
    printf3.o(i.__0printf$3) refers to fputc.o(i.fputc) for fputc
    printf3.o(i.__0printf$3) refers to stdout.o(.data) for __stdout
    printf3.o(i.__0snprintf$3) refers to printf3.o(i._printf_core) for _printf_core
    printf3.o(i.__0snprintf$3) refers to printf3.o(i._snputc) for _snputc
    printf3.o(i.__0sprintf$3) refers to printf3.o(i._printf_core) for _printf_core
    printf3.o(i.__0sprintf$3) refers to printf3.o(i._sputc) for _sputc
    printf3.o(i.__0vfprintf$3) refers to printf3.o(i._printf_core) for _printf_core
    printf3.o(i.__0vfprintf$3) refers to fputc.o(i.fputc) for fputc
    printf3.o(i.__0vprintf$3) refers to printf3.o(i._printf_core) for _printf_core
    printf3.o(i.__0vprintf$3) refers to fputc.o(i.fputc) for fputc
    printf3.o(i.__0vprintf$3) refers to stdout.o(.data) for __stdout
    printf3.o(i.__0vsnprintf$3) refers to printf3.o(i._printf_core) for _printf_core
    printf3.o(i.__0vsnprintf$3) refers to printf3.o(i._snputc) for _snputc
    printf3.o(i.__0vsprintf$3) refers to printf3.o(i._printf_core) for _printf_core
    printf3.o(i.__0vsprintf$3) refers to printf3.o(i._sputc) for _sputc
    printf3.o(i._printf_core) refers to uidiv.o(.text) for __aeabi_uidivmod
    printf4.o(i.__0fprintf$4) refers to printf4.o(i._printf_core) for _printf_core
    printf4.o(i.__0fprintf$4) refers to fputc.o(i.fputc) for fputc
    printf4.o(i.__0printf$4) refers to printf4.o(i._printf_core) for _printf_core
    printf4.o(i.__0printf$4) refers to fputc.o(i.fputc) for fputc
    printf4.o(i.__0printf$4) refers to stdout.o(.data) for __stdout
    printf4.o(i.__0snprintf$4) refers to printf4.o(i._printf_core) for _printf_core
    printf4.o(i.__0snprintf$4) refers to printf4.o(i._snputc) for _snputc
    printf4.o(i.__0sprintf$4) refers to printf4.o(i._printf_core) for _printf_core
    printf4.o(i.__0sprintf$4) refers to printf4.o(i._sputc) for _sputc
    printf4.o(i.__0vfprintf$4) refers to printf4.o(i._printf_core) for _printf_core
    printf4.o(i.__0vfprintf$4) refers to fputc.o(i.fputc) for fputc
    printf4.o(i.__0vprintf$4) refers to printf4.o(i._printf_core) for _printf_core
    printf4.o(i.__0vprintf$4) refers to fputc.o(i.fputc) for fputc
    printf4.o(i.__0vprintf$4) refers to stdout.o(.data) for __stdout
    printf4.o(i.__0vsnprintf$4) refers to printf4.o(i._printf_core) for _printf_core
    printf4.o(i.__0vsnprintf$4) refers to printf4.o(i._snputc) for _snputc
    printf4.o(i.__0vsprintf$4) refers to printf4.o(i._printf_core) for _printf_core
    printf4.o(i.__0vsprintf$4) refers to printf4.o(i._sputc) for _sputc
    printf4.o(i._printf_core) refers to uldiv.o(.text) for __aeabi_uldivmod
    printf5.o(i.__0fprintf$5) refers to printf5.o(i._printf_core) for _printf_core
    printf5.o(i.__0fprintf$5) refers to fputc.o(i.fputc) for fputc
    printf5.o(i.__0printf$5) refers to printf5.o(i._printf_core) for _printf_core
    printf5.o(i.__0printf$5) refers to fputc.o(i.fputc) for fputc
    printf5.o(i.__0printf$5) refers to stdout.o(.data) for __stdout
    printf5.o(i.__0snprintf$5) refers to printf5.o(i._printf_core) for _printf_core
    printf5.o(i.__0snprintf$5) refers to printf5.o(i._snputc) for _snputc
    printf5.o(i.__0sprintf$5) refers to printf5.o(i._printf_core) for _printf_core
    printf5.o(i.__0sprintf$5) refers to printf5.o(i._sputc) for _sputc
    printf5.o(i.__0vfprintf$5) refers to printf5.o(i._printf_core) for _printf_core
    printf5.o(i.__0vfprintf$5) refers to fputc.o(i.fputc) for fputc
    printf5.o(i.__0vprintf$5) refers to printf5.o(i._printf_core) for _printf_core
    printf5.o(i.__0vprintf$5) refers to fputc.o(i.fputc) for fputc
    printf5.o(i.__0vprintf$5) refers to stdout.o(.data) for __stdout
    printf5.o(i.__0vsnprintf$5) refers to printf5.o(i._printf_core) for _printf_core
    printf5.o(i.__0vsnprintf$5) refers to printf5.o(i._snputc) for _snputc
    printf5.o(i.__0vsprintf$5) refers to printf5.o(i._printf_core) for _printf_core
    printf5.o(i.__0vsprintf$5) refers to printf5.o(i._sputc) for _sputc
    printf5.o(i._printf_core) refers to uldiv.o(.text) for __aeabi_uldivmod
    printf6.o(i.__0fprintf$6) refers to printf6.o(i._printf_core) for _printf_core
    printf6.o(i.__0fprintf$6) refers to fputc.o(i.fputc) for fputc
    printf6.o(i.__0printf$6) refers to printf6.o(i._printf_core) for _printf_core
    printf6.o(i.__0printf$6) refers to fputc.o(i.fputc) for fputc
    printf6.o(i.__0printf$6) refers to stdout.o(.data) for __stdout
    printf6.o(i.__0snprintf$6) refers to printf6.o(i._printf_core) for _printf_core
    printf6.o(i.__0snprintf$6) refers to printf6.o(i._snputc) for _snputc
    printf6.o(i.__0sprintf$6) refers to printf6.o(i._printf_core) for _printf_core
    printf6.o(i.__0sprintf$6) refers to printf6.o(i._sputc) for _sputc
    printf6.o(i.__0vfprintf$6) refers to printf6.o(i._printf_core) for _printf_core
    printf6.o(i.__0vfprintf$6) refers to fputc.o(i.fputc) for fputc
    printf6.o(i.__0vprintf$6) refers to printf6.o(i._printf_core) for _printf_core
    printf6.o(i.__0vprintf$6) refers to fputc.o(i.fputc) for fputc
    printf6.o(i.__0vprintf$6) refers to stdout.o(.data) for __stdout
    printf6.o(i.__0vsnprintf$6) refers to printf6.o(i._printf_core) for _printf_core
    printf6.o(i.__0vsnprintf$6) refers to printf6.o(i._snputc) for _snputc
    printf6.o(i.__0vsprintf$6) refers to printf6.o(i._printf_core) for _printf_core
    printf6.o(i.__0vsprintf$6) refers to printf6.o(i._sputc) for _sputc
    printf6.o(i._printf_core) refers to printf6.o(i._printf_pre_padding) for _printf_pre_padding
    printf6.o(i._printf_core) refers to uidiv.o(.text) for __aeabi_uidivmod
    printf6.o(i._printf_core) refers to printf6.o(i._printf_post_padding) for _printf_post_padding
    printf7.o(i.__0fprintf$7) refers to printf7.o(i._printf_core) for _printf_core
    printf7.o(i.__0fprintf$7) refers to fputc.o(i.fputc) for fputc
    printf7.o(i.__0printf$7) refers to printf7.o(i._printf_core) for _printf_core
    printf7.o(i.__0printf$7) refers to fputc.o(i.fputc) for fputc
    printf7.o(i.__0printf$7) refers to stdout.o(.data) for __stdout
    printf7.o(i.__0snprintf$7) refers to printf7.o(i._printf_core) for _printf_core
    printf7.o(i.__0snprintf$7) refers to printf7.o(i._snputc) for _snputc
    printf7.o(i.__0sprintf$7) refers to printf7.o(i._printf_core) for _printf_core
    printf7.o(i.__0sprintf$7) refers to printf7.o(i._sputc) for _sputc
    printf7.o(i.__0vfprintf$7) refers to printf7.o(i._printf_core) for _printf_core
    printf7.o(i.__0vfprintf$7) refers to fputc.o(i.fputc) for fputc
    printf7.o(i.__0vprintf$7) refers to printf7.o(i._printf_core) for _printf_core
    printf7.o(i.__0vprintf$7) refers to fputc.o(i.fputc) for fputc
    printf7.o(i.__0vprintf$7) refers to stdout.o(.data) for __stdout
    printf7.o(i.__0vsnprintf$7) refers to printf7.o(i._printf_core) for _printf_core
    printf7.o(i.__0vsnprintf$7) refers to printf7.o(i._snputc) for _snputc
    printf7.o(i.__0vsprintf$7) refers to printf7.o(i._printf_core) for _printf_core
    printf7.o(i.__0vsprintf$7) refers to printf7.o(i._sputc) for _sputc
    printf7.o(i._printf_core) refers to printf7.o(i._printf_pre_padding) for _printf_pre_padding
    printf7.o(i._printf_core) refers to uldiv.o(.text) for __aeabi_uldivmod
    printf7.o(i._printf_core) refers to printf7.o(i._printf_post_padding) for _printf_post_padding
    printf8.o(i.__0fprintf$8) refers to printf8.o(i._printf_core) for _printf_core
    printf8.o(i.__0fprintf$8) refers to fputc.o(i.fputc) for fputc
    printf8.o(i.__0printf$8) refers to printf8.o(i._printf_core) for _printf_core
    printf8.o(i.__0printf$8) refers to fputc.o(i.fputc) for fputc
    printf8.o(i.__0printf$8) refers to stdout.o(.data) for __stdout
    printf8.o(i.__0snprintf$8) refers to printf8.o(i._printf_core) for _printf_core
    printf8.o(i.__0snprintf$8) refers to printf8.o(i._snputc) for _snputc
    printf8.o(i.__0sprintf$8) refers to printf8.o(i._printf_core) for _printf_core
    printf8.o(i.__0sprintf$8) refers to printf8.o(i._sputc) for _sputc
    printf8.o(i.__0vfprintf$8) refers to printf8.o(i._printf_core) for _printf_core
    printf8.o(i.__0vfprintf$8) refers to fputc.o(i.fputc) for fputc
    printf8.o(i.__0vprintf$8) refers to printf8.o(i._printf_core) for _printf_core
    printf8.o(i.__0vprintf$8) refers to fputc.o(i.fputc) for fputc
    printf8.o(i.__0vprintf$8) refers to stdout.o(.data) for __stdout
    printf8.o(i.__0vsnprintf$8) refers to printf8.o(i._printf_core) for _printf_core
    printf8.o(i.__0vsnprintf$8) refers to printf8.o(i._snputc) for _snputc
    printf8.o(i.__0vsprintf$8) refers to printf8.o(i._printf_core) for _printf_core
    printf8.o(i.__0vsprintf$8) refers to printf8.o(i._sputc) for _sputc
    printf8.o(i._printf_core) refers to printf8.o(i._printf_pre_padding) for _printf_pre_padding
    printf8.o(i._printf_core) refers to uldiv.o(.text) for __aeabi_uldivmod
    printf8.o(i._printf_core) refers to printf8.o(i._printf_post_padding) for _printf_post_padding
    printfa.o(i.__0fprintf) refers (Special) to iusefp.o(.text) for __I$use$fp
    printfa.o(i.__0fprintf) refers to printfa.o(i._printf_core) for _printf_core
    printfa.o(i.__0fprintf) refers to fputc.o(i.fputc) for fputc
    printfa.o(i.__0printf) refers (Special) to iusefp.o(.text) for __I$use$fp
    printfa.o(i.__0printf) refers to printfa.o(i._printf_core) for _printf_core
    printfa.o(i.__0printf) refers to fputc.o(i.fputc) for fputc
    printfa.o(i.__0printf) refers to stdout.o(.data) for __stdout
    printfa.o(i.__0snprintf) refers (Special) to iusefp.o(.text) for __I$use$fp
    printfa.o(i.__0snprintf) refers to printfa.o(i._printf_core) for _printf_core
    printfa.o(i.__0snprintf) refers to printfa.o(i._snputc) for _snputc
    printfa.o(i.__0sprintf) refers (Special) to iusefp.o(.text) for __I$use$fp
    printfa.o(i.__0sprintf) refers to printfa.o(i._printf_core) for _printf_core
    printfa.o(i.__0sprintf) refers to printfa.o(i._sputc) for _sputc
    printfa.o(i.__0vfprintf) refers (Special) to iusefp.o(.text) for __I$use$fp
    printfa.o(i.__0vfprintf) refers to printfa.o(i._printf_core) for _printf_core
    printfa.o(i.__0vfprintf) refers to fputc.o(i.fputc) for fputc
    printfa.o(i.__0vprintf) refers (Special) to iusefp.o(.text) for __I$use$fp
    printfa.o(i.__0vprintf) refers to printfa.o(i._printf_core) for _printf_core
    printfa.o(i.__0vprintf) refers to fputc.o(i.fputc) for fputc
    printfa.o(i.__0vprintf) refers to stdout.o(.data) for __stdout
    printfa.o(i.__0vsnprintf) refers (Special) to iusefp.o(.text) for __I$use$fp
    printfa.o(i.__0vsnprintf) refers to printfa.o(i._printf_core) for _printf_core
    printfa.o(i.__0vsnprintf) refers to printfa.o(i._snputc) for _snputc
    printfa.o(i.__0vsprintf) refers (Special) to iusefp.o(.text) for __I$use$fp
    printfa.o(i.__0vsprintf) refers to printfa.o(i._printf_core) for _printf_core
    printfa.o(i.__0vsprintf) refers to printfa.o(i._sputc) for _sputc
    printfa.o(i._fp_digits) refers (Special) to iusefp.o(.text) for __I$use$fp
    printfa.o(i._fp_digits) refers to dmul.o(.text) for __aeabi_dmul
    printfa.o(i._fp_digits) refers to ddiv.o(.text) for __aeabi_ddiv
    printfa.o(i._fp_digits) refers to cdrcmple.o(.text) for __aeabi_cdrcmple
    printfa.o(i._fp_digits) refers to dadd.o(.text) for __aeabi_dadd
    printfa.o(i._fp_digits) refers to dfixul.o(.text) for __aeabi_d2ulz
    printfa.o(i._fp_digits) refers to uldiv.o(.text) for __aeabi_uldivmod
    printfa.o(i._printf_core) refers (Special) to iusefp.o(.text) for __I$use$fp
    printfa.o(i._printf_core) refers to printfa.o(i._printf_pre_padding) for _printf_pre_padding
    printfa.o(i._printf_core) refers to uldiv.o(.text) for __aeabi_uldivmod
    printfa.o(i._printf_core) refers to printfa.o(i._printf_post_padding) for _printf_post_padding
    printfa.o(i._printf_core) refers to printfa.o(i._fp_digits) for _fp_digits
    printfa.o(i._printf_core) refers to uidiv.o(.text) for __aeabi_uidivmod
    printfa.o(i._printf_post_padding) refers (Special) to iusefp.o(.text) for __I$use$fp
    printfa.o(i._printf_pre_padding) refers (Special) to iusefp.o(.text) for __I$use$fp
    printfa.o(i._snputc) refers (Special) to iusefp.o(.text) for __I$use$fp
    printfa.o(i._sputc) refers (Special) to iusefp.o(.text) for __I$use$fp
    entry2.o(.ARM.Collect$$$$00000001) refers to entry2.o(.ARM.Collect$$$$00002712) for __lit__00000000
    entry2.o(.ARM.Collect$$$$00002712) refers to startup_stm32f10x_md.o(STACK) for __initial_sp
    entry2.o(__vectab_stack_and_reset_area) refers to startup_stm32f10x_md.o(STACK) for __initial_sp
    entry2.o(__vectab_stack_and_reset_area) refers to entry.o(.ARM.Collect$$$$00000000) for __main
    entry5.o(.ARM.Collect$$$$00000004) refers to init.o(.text) for __scatterload
    entry9a.o(.ARM.Collect$$$$0000000B) refers to main.o(.text) for main
    entry9b.o(.ARM.Collect$$$$0000000C) refers to main.o(.text) for main
    fputc.o(i.fputc) refers (Special) to iusesemip.o(.text) for __I$use$semihosting$fputc
    fputc.o(i.fputc) refers (Special) to semi.o(.text) for __semihosting_library_function
    uldiv.o(.text) refers to llushr.o(.text) for __aeabi_llsr
    uldiv.o(.text) refers to llshl.o(.text) for __aeabi_llsl
    dadd.o(.text) refers to llshl.o(.text) for __aeabi_llsl
    dadd.o(.text) refers to llsshr.o(.text) for __aeabi_lasr
    dadd.o(.text) refers to depilogue.o(.text) for _double_epilogue
    dmul.o(.text) refers to depilogue.o(.text) for _double_epilogue
    ddiv.o(.text) refers to depilogue.o(.text) for _double_round
    dfixul.o(.text) refers to llushr.o(.text) for __aeabi_llsr
    dfixul.o(.text) refers to llshl.o(.text) for __aeabi_llsl
    init.o(.text) refers to entry5.o(.ARM.Collect$$$$00000004) for __main_after_scatterload
    depilogue.o(.text) refers to llshl.o(.text) for __aeabi_llsl
    depilogue.o(.text) refers to llushr.o(.text) for __aeabi_llsr


==============================================================================

Removing Unused input sections from the image.

    Removing startup_stm32f10x_md.o(HEAP), (512 bytes).
    Removing core_cm3.o(.emb_text), (32 bytes).
    Removing stm32f10x_adc.o(.text), (1102 bytes).
    Removing stm32f10x_bkp.o(.text), (196 bytes).
    Removing stm32f10x_can.o(.text), (2544 bytes).
    Removing stm32f10x_cec.o(.text), (288 bytes).
    Removing stm32f10x_crc.o(.text), (72 bytes).
    Removing stm32f10x_dac.o(.text), (396 bytes).
    Removing stm32f10x_dbgmcu.o(.text), (48 bytes).
    Removing stm32f10x_dma.o(.text), (596 bytes).
    Removing stm32f10x_flash.o(.text), (1468 bytes).
    Removing stm32f10x_fsmc.o(.text), (1548 bytes).
    Removing stm32f10x_i2c.o(.text), (1028 bytes).
    Removing stm32f10x_iwdg.o(.text), (64 bytes).
    Removing stm32f10x_pwr.o(.text), (204 bytes).
    Removing stm32f10x_rtc.o(.text), (328 bytes).
    Removing stm32f10x_sdio.o(.text), (468 bytes).
    Removing stm32f10x_spi.o(.text), (780 bytes).
    Removing stm32f10x_tim.o(.text), (3610 bytes).
    Removing stm32f10x_usart.o(.text), (1032 bytes).
    Removing stm32f10x_wwdg.o(.text), (136 bytes).
    Removing bsp_systick.o(.text), (312 bytes).
    Removing bsp_systick.o(.data), (4 bytes).
    Removing event_groups.o(.text), (1040 bytes).
    Removing dadd.o(.text), (334 bytes).
    Removing dmul.o(.text), (228 bytes).
    Removing ddiv.o(.text), (222 bytes).
    Removing dfixul.o(.text), (48 bytes).
    Removing cdrcmple.o(.text), (48 bytes).
    Removing depilogue.o(.text), (186 bytes).

30 unused section(s) (total 18874 bytes) removed from the image.

==============================================================================

Image Symbol Table

    Local Symbols

    Symbol Name                              Value     Ov Type        Size  Object(Section)

    ../clib/microlib/division.c              0x00000000   Number         0  uidiv.o ABSOLUTE
    ../clib/microlib/division.c              0x00000000   Number         0  uldiv.o ABSOLUTE
    ../clib/microlib/init/entry.s            0x00000000   Number         0  entry7a.o ABSOLUTE
    ../clib/microlib/init/entry.s            0x00000000   Number         0  entry12a.o ABSOLUTE
    ../clib/microlib/init/entry.s            0x00000000   Number         0  entry8b.o ABSOLUTE
    ../clib/microlib/init/entry.s            0x00000000   Number         0  entry.o ABSOLUTE
    ../clib/microlib/init/entry.s            0x00000000   Number         0  entry8a.o ABSOLUTE
    ../clib/microlib/init/entry.s            0x00000000   Number         0  entry5.o ABSOLUTE
    ../clib/microlib/init/entry.s            0x00000000   Number         0  entry7b.o ABSOLUTE
    ../clib/microlib/init/entry.s            0x00000000   Number         0  entry2.o ABSOLUTE
    ../clib/microlib/init/entry.s            0x00000000   Number         0  entry9a.o ABSOLUTE
    ../clib/microlib/init/entry.s            0x00000000   Number         0  entry9b.o ABSOLUTE
    ../clib/microlib/init/entry.s            0x00000000   Number         0  entry10a.o ABSOLUTE
    ../clib/microlib/init/entry.s            0x00000000   Number         0  entry10b.o ABSOLUTE
    ../clib/microlib/init/entry.s            0x00000000   Number         0  entry11a.o ABSOLUTE
    ../clib/microlib/init/entry.s            0x00000000   Number         0  entry11b.o ABSOLUTE
    ../clib/microlib/init/entry.s            0x00000000   Number         0  entry12b.o ABSOLUTE
    ../clib/microlib/longlong.c              0x00000000   Number         0  llshl.o ABSOLUTE
    ../clib/microlib/longlong.c              0x00000000   Number         0  llsshr.o ABSOLUTE
    ../clib/microlib/longlong.c              0x00000000   Number         0  llushr.o ABSOLUTE
    ../clib/microlib/printf/printf.c         0x00000000   Number         0  printf4.o ABSOLUTE
    ../clib/microlib/printf/printf.c         0x00000000   Number         0  printfb.o ABSOLUTE
    ../clib/microlib/printf/printf.c         0x00000000   Number         0  printf2.o ABSOLUTE
    ../clib/microlib/printf/printf.c         0x00000000   Number         0  printf3.o ABSOLUTE
    ../clib/microlib/printf/printf.c         0x00000000   Number         0  printf1.o ABSOLUTE
    ../clib/microlib/printf/printf.c         0x00000000   Number         0  printf0.o ABSOLUTE
    ../clib/microlib/printf/printf.c         0x00000000   Number         0  printfa.o ABSOLUTE
    ../clib/microlib/printf/printf.c         0x00000000   Number         0  printf8.o ABSOLUTE
    ../clib/microlib/printf/printf.c         0x00000000   Number         0  printf7.o ABSOLUTE
    ../clib/microlib/printf/printf.c         0x00000000   Number         0  printf6.o ABSOLUTE
    ../clib/microlib/printf/printf.c         0x00000000   Number         0  printf5.o ABSOLUTE
    ../clib/microlib/printf/stubs.s          0x00000000   Number         0  stubs.o ABSOLUTE
    ../clib/microlib/stdio/fputc.c           0x00000000   Number         0  fputc.o ABSOLUTE
    ../clib/microlib/stdio/semi.s            0x00000000   Number         0  semi.o ABSOLUTE
    ../clib/microlib/stdio/streams.c         0x00000000   Number         0  stdout.o ABSOLUTE
    ../clib/microlib/string/memcpy.c         0x00000000   Number         0  memcpya.o ABSOLUTE
    ../clib/microlib/string/memcpy.c         0x00000000   Number         0  memcpyb.o ABSOLUTE
    ../clib/microlib/stubs.s                 0x00000000   Number         0  iusesemip.o ABSOLUTE
    ../clib/microlib/stubs.s                 0x00000000   Number         0  iusefp.o ABSOLUTE
    ../fplib/microlib/fpadd.c                0x00000000   Number         0  dadd.o ABSOLUTE
    ../fplib/microlib/fpdiv.c                0x00000000   Number         0  ddiv.o ABSOLUTE
    ../fplib/microlib/fpepilogue.c           0x00000000   Number         0  depilogue.o ABSOLUTE
    ../fplib/microlib/fpfix.c                0x00000000   Number         0  dfixul.o ABSOLUTE
    ../fplib/microlib/fpmul.c                0x00000000   Number         0  dmul.o ABSOLUTE
    ..\..\FreeRTOS\port\MemMang\heap_4.c     0x00000000   Number         0  heap_4.o ABSOLUTE
    ..\..\FreeRTOS\port\RVDS\ARM_CM3\port.c  0x00000000   Number         0  port.o ABSOLUTE
    ..\..\FreeRTOS\src\croutine.c            0x00000000   Number         0  croutine.o ABSOLUTE
    ..\..\FreeRTOS\src\event_groups.c        0x00000000   Number         0  event_groups.o ABSOLUTE
    ..\..\FreeRTOS\src\list.c                0x00000000   Number         0  list.o ABSOLUTE
    ..\..\FreeRTOS\src\queue.c               0x00000000   Number         0  queue.o ABSOLUTE
    ..\..\FreeRTOS\src\tasks.c               0x00000000   Number         0  tasks.o ABSOLUTE
    ..\..\FreeRTOS\src\timers.c              0x00000000   Number         0  timers.o ABSOLUTE
    ..\..\Libraries\CMSIS\core_cm3.c         0x00000000   Number         0  core_cm3.o ABSOLUTE
    ..\..\Libraries\CMSIS\startup\startup_stm32f10x_md.s 0x00000000   Number         0  startup_stm32f10x_md.o ABSOLUTE
    ..\..\Libraries\CMSIS\system_stm32f10x.c 0x00000000   Number         0  system_stm32f10x.o ABSOLUTE
    ..\..\Libraries\FWlib\src\misc.c         0x00000000   Number         0  misc.o ABSOLUTE
    ..\..\Libraries\FWlib\src\stm32f10x_adc.c 0x00000000   Number         0  stm32f10x_adc.o ABSOLUTE
    ..\..\Libraries\FWlib\src\stm32f10x_bkp.c 0x00000000   Number         0  stm32f10x_bkp.o ABSOLUTE
    ..\..\Libraries\FWlib\src\stm32f10x_can.c 0x00000000   Number         0  stm32f10x_can.o ABSOLUTE
    ..\..\Libraries\FWlib\src\stm32f10x_cec.c 0x00000000   Number         0  stm32f10x_cec.o ABSOLUTE
    ..\..\Libraries\FWlib\src\stm32f10x_crc.c 0x00000000   Number         0  stm32f10x_crc.o ABSOLUTE
    ..\..\Libraries\FWlib\src\stm32f10x_dac.c 0x00000000   Number         0  stm32f10x_dac.o ABSOLUTE
    ..\..\Libraries\FWlib\src\stm32f10x_dbgmcu.c 0x00000000   Number         0  stm32f10x_dbgmcu.o ABSOLUTE
    ..\..\Libraries\FWlib\src\stm32f10x_dma.c 0x00000000   Number         0  stm32f10x_dma.o ABSOLUTE
    ..\..\Libraries\FWlib\src\stm32f10x_exti.c 0x00000000   Number         0  stm32f10x_exti.o ABSOLUTE
    ..\..\Libraries\FWlib\src\stm32f10x_flash.c 0x00000000   Number         0  stm32f10x_flash.o ABSOLUTE
    ..\..\Libraries\FWlib\src\stm32f10x_fsmc.c 0x00000000   Number         0  stm32f10x_fsmc.o ABSOLUTE
    ..\..\Libraries\FWlib\src\stm32f10x_gpio.c 0x00000000   Number         0  stm32f10x_gpio.o ABSOLUTE
    ..\..\Libraries\FWlib\src\stm32f10x_i2c.c 0x00000000   Number         0  stm32f10x_i2c.o ABSOLUTE
    ..\..\Libraries\FWlib\src\stm32f10x_iwdg.c 0x00000000   Number         0  stm32f10x_iwdg.o ABSOLUTE
    ..\..\Libraries\FWlib\src\stm32f10x_pwr.c 0x00000000   Number         0  stm32f10x_pwr.o ABSOLUTE
    ..\..\Libraries\FWlib\src\stm32f10x_rcc.c 0x00000000   Number         0  stm32f10x_rcc.o ABSOLUTE
    ..\..\Libraries\FWlib\src\stm32f10x_rtc.c 0x00000000   Number         0  stm32f10x_rtc.o ABSOLUTE
    ..\..\Libraries\FWlib\src\stm32f10x_sdio.c 0x00000000   Number         0  stm32f10x_sdio.o ABSOLUTE
    ..\..\Libraries\FWlib\src\stm32f10x_spi.c 0x00000000   Number         0  stm32f10x_spi.o ABSOLUTE
    ..\..\Libraries\FWlib\src\stm32f10x_tim.c 0x00000000   Number         0  stm32f10x_tim.o ABSOLUTE
    ..\..\Libraries\FWlib\src\stm32f10x_usart.c 0x00000000   Number         0  stm32f10x_usart.o ABSOLUTE
    ..\..\Libraries\FWlib\src\stm32f10x_wwdg.c 0x00000000   Number         0  stm32f10x_wwdg.o ABSOLUTE
    ..\..\User\EPD_W21\epaper.c              0x00000000   Number         0  epaper.o ABSOLUTE
    ..\..\User\Led\bsp_led.c                 0x00000000   Number         0  bsp_led.o ABSOLUTE
    ..\..\User\SysTick\bsp_SysTick.c         0x00000000   Number         0  bsp_systick.o ABSOLUTE
    ..\..\User\ds1302\ds1302.c               0x00000000   Number         0  ds1302.o ABSOLUTE
    ..\..\User\epaper\bsp_epaper.c           0x00000000   Number         0  bsp_epaper.o ABSOLUTE
    ..\..\User\key\bsp_exti.c                0x00000000   Number         0  bsp_exti.o ABSOLUTE
    ..\..\User\main.c                        0x00000000   Number         0  main.o ABSOLUTE
    ..\..\User\stm32f10x_it.c                0x00000000   Number         0  stm32f10x_it.o ABSOLUTE
    ..\\..\\FreeRTOS\\port\\RVDS\\ARM_CM3\\port.c 0x00000000   Number         0  port.o ABSOLUTE
    ..\\..\\Libraries\\CMSIS\\core_cm3.c     0x00000000   Number         0  core_cm3.o ABSOLUTE
    cdrcmple.s                               0x00000000   Number         0  cdrcmple.o ABSOLUTE
    dc.s                                     0x00000000   Number         0  dc.o ABSOLUTE
    handlers.s                               0x00000000   Number         0  handlers.o ABSOLUTE
    init.s                                   0x00000000   Number         0  init.o ABSOLUTE
    RESET                                    0x08000000   Section      236  startup_stm32f10x_md.o(RESET)
    .ARM.Collect$$$$00000000                 0x080000ec   Section        0  entry.o(.ARM.Collect$$$$00000000)
    .ARM.Collect$$$$00000001                 0x080000ec   Section        4  entry2.o(.ARM.Collect$$$$00000001)
    .ARM.Collect$$$$00000004                 0x080000f0   Section        4  entry5.o(.ARM.Collect$$$$00000004)
    .ARM.Collect$$$$00000008                 0x080000f4   Section        0  entry7b.o(.ARM.Collect$$$$00000008)
    .ARM.Collect$$$$0000000A                 0x080000f4   Section        0  entry8b.o(.ARM.Collect$$$$0000000A)
    .ARM.Collect$$$$0000000B                 0x080000f4   Section        8  entry9a.o(.ARM.Collect$$$$0000000B)
    .ARM.Collect$$$$0000000E                 0x080000fc   Section        4  entry12b.o(.ARM.Collect$$$$0000000E)
    .ARM.Collect$$$$0000000F                 0x08000100   Section        0  entry10a.o(.ARM.Collect$$$$0000000F)
    .ARM.Collect$$$$00000011                 0x08000100   Section        0  entry11a.o(.ARM.Collect$$$$00000011)
    .ARM.Collect$$$$00002712                 0x08000100   Section        4  entry2.o(.ARM.Collect$$$$00002712)
    __lit__00000000                          0x08000100   Data           4  entry2.o(.ARM.Collect$$$$00002712)
    .emb_text                                0x08000104   Section      150  port.o(.emb_text)
    .text                                    0x0800019c   Section       36  startup_stm32f10x_md.o(.text)
    .text                                    0x080001c0   Section        0  system_stm32f10x.o(.text)
    SetSysClockTo72                          0x080001c1   Thumb Code   214  system_stm32f10x.o(.text)
    SetSysClock                              0x08000297   Thumb Code     8  system_stm32f10x.o(.text)
    .text                                    0x080003a0   Section        0  misc.o(.text)
    .text                                    0x0800047c   Section        0  stm32f10x_exti.o(.text)
    .text                                    0x08000598   Section        0  stm32f10x_gpio.o(.text)
    .text                                    0x080008f4   Section        0  stm32f10x_rcc.o(.text)
    .text                                    0x08000c98   Section        0  main.o(.text)
    Clock_Task                               0x08000d2d   Thumb Code   248  main.o(.text)
    Led_Task                                 0x08000e25   Thumb Code    12  main.o(.text)
    AppCreate_Task                           0x08000e95   Thumb Code    92  main.o(.text)
    .text                                    0x08000fcc   Section        0  stm32f10x_it.o(.text)
    .text                                    0x08000ff0   Section        0  bsp_led.o(.text)
    .text                                    0x08001038   Section        0  epaper.o(.text)
    .text                                    0x08001694   Section        0  bsp_epaper.o(.text)
    .text                                    0x0800176c   Section        0  ds1302.o(.text)
    Delay_us                                 0x0800176d   Thumb Code    70  ds1302.o(.text)
    DS1302_SetMode                           0x0800180f   Thumb Code    64  ds1302.o(.text)
    .text                                    0x08001c70   Section        0  bsp_exti.o(.text)
    NVIC_Configuration                       0x08001c71   Thumb Code    54  bsp_exti.o(.text)
    .text                                    0x08001d38   Section        0  list.o(.text)
    .text                                    0x08001dcc   Section        0  queue.o(.text)
    prvInitialiseNewQueue                    0x08001e55   Thumb Code    42  queue.o(.text)
    prvCopyDataToQueue                       0x08001ecd   Thumb Code   124  queue.o(.text)
    prvNotifyQueueSetContainer               0x08001f49   Thumb Code   124  queue.o(.text)
    prvUnlockQueue                           0x08001fc5   Thumb Code   146  queue.o(.text)
    prvIsQueueFull                           0x08002057   Thumb Code    30  queue.o(.text)
    prvInitialiseMutex                       0x08002245   Thumb Code    28  queue.o(.text)
    prvIsQueueEmpty                          0x080022c5   Thumb Code    26  queue.o(.text)
    prvCopyDataFromQueue                     0x080022df   Thumb Code    42  queue.o(.text)
    .text                                    0x08002ac8   Section        0  tasks.o(.text)
    prvInitialiseTaskLists                   0x08002ac9   Thumb Code    70  tasks.o(.text)
    prvAddNewTaskToReadyList                 0x08002b0f   Thumb Code   150  tasks.o(.text)
    prvInitialiseNewTask                     0x08002ba5   Thumb Code   160  tasks.o(.text)
    prvResetNextTaskUnblockTime              0x08002ca5   Thumb Code    42  tasks.o(.text)
    prvDeleteTCB                             0x08002ccf   Thumb Code    18  tasks.o(.text)
    prvAddCurrentTaskToDelayedList           0x0800300b   Thumb Code   124  tasks.o(.text)
    prvTaskIsTaskSuspended                   0x080034cb   Thumb Code    76  tasks.o(.text)
    prvCheckTasksWaitingTermination          0x08003629   Thumb Code    86  tasks.o(.text)
    prvIdleTask                              0x0800367f   Thumb Code    32  tasks.o(.text)
    .text                                    0x08004014   Section        0  timers.o(.text)
    prvInsertTimerInActiveList               0x08004015   Thumb Code    80  timers.o(.text)
    prvSwitchTimerLists                      0x080040db   Thumb Code   140  timers.o(.text)
    prvSampleTimeNow                         0x08004167   Thumb Code    40  timers.o(.text)
    prvProcessReceivedCommands               0x0800418f   Thumb Code   254  timers.o(.text)
    prvProcessExpiredTimer                   0x0800428d   Thumb Code    84  timers.o(.text)
    prvProcessTimerOrBlockTask               0x080042e1   Thumb Code   102  timers.o(.text)
    prvGetNextExpireTime                     0x08004347   Thumb Code    36  timers.o(.text)
    prvTimerTask                             0x0800436b   Thumb Code    26  timers.o(.text)
    prvCheckForValidListAndQueue             0x08004385   Thumb Code    72  timers.o(.text)
    prvInitialiseNewTimer                    0x08004405   Thumb Code   170  timers.o(.text)
    .text                                    0x08004658   Section        0  heap_4.o(.text)
    prvInsertBlockIntoFreeList               0x08004659   Thumb Code    96  heap_4.o(.text)
    prvHeapInit                              0x080046b9   Thumb Code    98  heap_4.o(.text)
    .text                                    0x080048f8   Section        0  port.o(.text)
    prvTaskExitError                         0x080048f9   Thumb Code    48  port.o(.text)
    .text                                    0x08004b60   Section        0  memcpya.o(.text)
    .text                                    0x08004b84   Section        0  uidiv.o(.text)
    .text                                    0x08004bb0   Section       36  init.o(.text)
    .text                                    0x08004bd4   Section        0  semi.o(.text)
    .text                                    0x08004bd4   Section        0  iusesemip.o(.text)
    i.__0printf$3                            0x08004bd4   Section        0  printf3.o(i.__0printf$3)
    i.__scatterload_copy                     0x08004bf4   Section       14  handlers.o(i.__scatterload_copy)
    i.__scatterload_null                     0x08004c02   Section        2  handlers.o(i.__scatterload_null)
    i.__scatterload_zeroinit                 0x08004c04   Section       14  handlers.o(i.__scatterload_zeroinit)
    i._printf_core                           0x08004c14   Section        0  printf3.o(i._printf_core)
    _printf_core                             0x08004c15   Thumb Code   436  printf3.o(i._printf_core)
    i.fputc                                  0x08004dcc   Section        0  fputc.o(i.fputc)
    .constdata                               0x08004dde   Section    35940  main.o(.constdata)
    .constdata                               0x0800da42   Section      159  epaper.o(.constdata)
    .data                                    0x20000000   Section       20  system_stm32f10x.o(.data)
    .data                                    0x20000014   Section       20  stm32f10x_rcc.o(.data)
    APBAHBPrescTable                         0x20000014   Data          16  stm32f10x_rcc.o(.data)
    ADCPrescTable                            0x20000024   Data           4  stm32f10x_rcc.o(.data)
    .data                                    0x20000028   Section       68  main.o(.data)
    App_Create_Task_Handle                   0x2000002c   Data           4  main.o(.data)
    Clock_Task_Handle                        0x20000030   Data           4  main.o(.data)
    Led_Task_Handle                          0x20000034   Data           4  main.o(.data)
    Key_Task_Handle                          0x20000038   Data           4  main.o(.data)
    .data                                    0x2000006c   Section        7  ds1302.o(.data)
    .data                                    0x20000074   Section       60  tasks.o(.data)
    pxDelayedTaskList                        0x20000078   Data           4  tasks.o(.data)
    pxOverflowDelayedTaskList                0x2000007c   Data           4  tasks.o(.data)
    uxDeletedTasksWaitingCleanUp             0x20000080   Data           4  tasks.o(.data)
    uxCurrentNumberOfTasks                   0x20000084   Data           4  tasks.o(.data)
    xTickCount                               0x20000088   Data           4  tasks.o(.data)
    uxTopReadyPriority                       0x2000008c   Data           4  tasks.o(.data)
    xSchedulerRunning                        0x20000090   Data           4  tasks.o(.data)
    uxPendedTicks                            0x20000094   Data           4  tasks.o(.data)
    xYieldPending                            0x20000098   Data           4  tasks.o(.data)
    xNumOfOverflows                          0x2000009c   Data           4  tasks.o(.data)
    uxTaskNumber                             0x200000a0   Data           4  tasks.o(.data)
    xNextTaskUnblockTime                     0x200000a4   Data           4  tasks.o(.data)
    xIdleTaskHandle                          0x200000a8   Data           4  tasks.o(.data)
    uxSchedulerSuspended                     0x200000ac   Data           4  tasks.o(.data)
    .data                                    0x200000b0   Section       20  timers.o(.data)
    pxCurrentTimerList                       0x200000b0   Data           4  timers.o(.data)
    pxOverflowTimerList                      0x200000b4   Data           4  timers.o(.data)
    xTimerQueue                              0x200000b8   Data           4  timers.o(.data)
    xTimerTaskHandle                         0x200000bc   Data           4  timers.o(.data)
    xLastTime                                0x200000c0   Data           4  timers.o(.data)
    .data                                    0x200000c4   Section       24  heap_4.o(.data)
    xStart                                   0x200000c4   Data           8  heap_4.o(.data)
    pxEnd                                    0x200000cc   Data           4  heap_4.o(.data)
    xFreeBytesRemaining                      0x200000d0   Data           4  heap_4.o(.data)
    xMinimumEverFreeBytesRemaining           0x200000d4   Data           4  heap_4.o(.data)
    xBlockAllocatedBit                       0x200000d8   Data           4  heap_4.o(.data)
    .data                                    0x200000dc   Section       12  port.o(.data)
    uxCriticalNesting                        0x200000dc   Data           4  port.o(.data)
    ucMaxSysCallPriority                     0x200000e0   Data           1  port.o(.data)
    ulMaxPRIGROUPValue                       0x200000e4   Data           4  port.o(.data)
    .data                                    0x200000e8   Section        4  stdout.o(.data)
    .bss                                     0x200000ec   Section       80  queue.o(.bss)
    .bss                                     0x2000013c   Section      740  tasks.o(.bss)
    pxReadyTasksLists                        0x2000013c   Data         640  tasks.o(.bss)
    xDelayedTaskList1                        0x200003bc   Data          20  tasks.o(.bss)
    xDelayedTaskList2                        0x200003d0   Data          20  tasks.o(.bss)
    xPendingReadyList                        0x200003e4   Data          20  tasks.o(.bss)
    xTasksWaitingTermination                 0x200003f8   Data          20  tasks.o(.bss)
    xSuspendedTaskList                       0x2000040c   Data          20  tasks.o(.bss)
    .bss                                     0x20000420   Section       40  timers.o(.bss)
    xActiveTimerList1                        0x20000420   Data          20  timers.o(.bss)
    xActiveTimerList2                        0x20000434   Data          20  timers.o(.bss)
    .bss                                     0x20000448   Section     8192  heap_4.o(.bss)
    ucHeap                                   0x20000448   Data        8192  heap_4.o(.bss)
    STACK                                    0x20002448   Section     1024  startup_stm32f10x_md.o(STACK)

    Global Symbols

    Symbol Name                              Value     Ov Type        Size  Object(Section)

    BuildAttributes$$THM_ISAv4$P$D$K$B$S$PE$A:L22UL41UL21$X:L11$S22US41US21$IEEE1$IW$USESV6$~STKCKD$USESV7$~SHL$OSPACE$ROPI$EBA8$MICROLIB$REQ8$PRES8$EABIv2 0x00000000   Number         0  anon$$obj.o ABSOLUTE
    __ARM_use_no_argv                        0x00000000   Number         0  main.o ABSOLUTE
    _printf_a                                0x00000000   Number         0  stubs.o ABSOLUTE
    _printf_c                                0x00000000   Number         0  stubs.o ABSOLUTE
    _printf_charcount                        0x00000000   Number         0  stubs.o ABSOLUTE
    _printf_d                                0x00000000   Number         0  stubs.o ABSOLUTE
    _printf_e                                0x00000000   Number         0  stubs.o ABSOLUTE
    _printf_f                                0x00000000   Number         0  stubs.o ABSOLUTE
    _printf_flags                            0x00000000   Number         0  stubs.o ABSOLUTE
    _printf_fp_dec                           0x00000000   Number         0  stubs.o ABSOLUTE
    _printf_fp_hex                           0x00000000   Number         0  stubs.o ABSOLUTE
    _printf_g                                0x00000000   Number         0  stubs.o ABSOLUTE
    _printf_i                                0x00000000   Number         0  stubs.o ABSOLUTE
    _printf_int_dec                          0x00000000   Number         0  stubs.o ABSOLUTE
    _printf_l                                0x00000000   Number         0  stubs.o ABSOLUTE
    _printf_lc                               0x00000000   Number         0  stubs.o ABSOLUTE
    _printf_ll                               0x00000000   Number         0  stubs.o ABSOLUTE
    _printf_lld                              0x00000000   Number         0  stubs.o ABSOLUTE
    _printf_lli                              0x00000000   Number         0  stubs.o ABSOLUTE
    _printf_llo                              0x00000000   Number         0  stubs.o ABSOLUTE
    _printf_llu                              0x00000000   Number         0  stubs.o ABSOLUTE
    _printf_llx                              0x00000000   Number         0  stubs.o ABSOLUTE
    _printf_longlong_dec                     0x00000000   Number         0  stubs.o ABSOLUTE
    _printf_longlong_hex                     0x00000000   Number         0  stubs.o ABSOLUTE
    _printf_longlong_oct                     0x00000000   Number         0  stubs.o ABSOLUTE
    _printf_ls                               0x00000000   Number         0  stubs.o ABSOLUTE
    _printf_mbtowc                           0x00000000   Number         0  stubs.o ABSOLUTE
    _printf_n                                0x00000000   Number         0  stubs.o ABSOLUTE
    _printf_o                                0x00000000   Number         0  stubs.o ABSOLUTE
    _printf_p                                0x00000000   Number         0  stubs.o ABSOLUTE
    _printf_percent                          0x00000000   Number         0  stubs.o ABSOLUTE
    _printf_pre_padding                      0x00000000   Number         0  stubs.o ABSOLUTE
    _printf_return_value                     0x00000000   Number         0  stubs.o ABSOLUTE
    _printf_s                                0x00000000   Number         0  stubs.o ABSOLUTE
    _printf_sizespec                         0x00000000   Number         0  stubs.o ABSOLUTE
    _printf_str                              0x00000000   Number         0  stubs.o ABSOLUTE
    _printf_truncate_signed                  0x00000000   Number         0  stubs.o ABSOLUTE
    _printf_truncate_unsigned                0x00000000   Number         0  stubs.o ABSOLUTE
    _printf_u                                0x00000000   Number         0  stubs.o ABSOLUTE
    _printf_wc                               0x00000000   Number         0  stubs.o ABSOLUTE
    _printf_wctomb                           0x00000000   Number         0  stubs.o ABSOLUTE
    _printf_widthprec                        0x00000000   Number         0  stubs.o ABSOLUTE
    _printf_x                                0x00000000   Number         0  stubs.o ABSOLUTE
    __arm_fini_                               - Undefined Weak Reference
    __cpp_initialize__aeabi_                  - Undefined Weak Reference
    __cxa_finalize                            - Undefined Weak Reference
    __decompress                              - Undefined Weak Reference
    _clock_init                               - Undefined Weak Reference
    _microlib_exit                            - Undefined Weak Reference
    __Vectors_Size                           0x000000ec   Number         0  startup_stm32f10x_md.o ABSOLUTE
    __Vectors                                0x08000000   Data           4  startup_stm32f10x_md.o(RESET)
    __Vectors_End                            0x080000ec   Data           0  startup_stm32f10x_md.o(RESET)
    __main                                   0x080000ed   Thumb Code     0  entry.o(.ARM.Collect$$$$00000000)
    _main_stk                                0x080000ed   Thumb Code     0  entry2.o(.ARM.Collect$$$$00000001)
    _main_scatterload                        0x080000f1   Thumb Code     0  entry5.o(.ARM.Collect$$$$00000004)
    __main_after_scatterload                 0x080000f5   Thumb Code     0  entry5.o(.ARM.Collect$$$$00000004)
    _main_clock                              0x080000f5   Thumb Code     0  entry7b.o(.ARM.Collect$$$$00000008)
    _main_cpp_init                           0x080000f5   Thumb Code     0  entry8b.o(.ARM.Collect$$$$0000000A)
    _main_init                               0x080000f5   Thumb Code     0  entry9a.o(.ARM.Collect$$$$0000000B)
    __rt_lib_shutdown_fini                   0x080000fd   Thumb Code     0  entry12b.o(.ARM.Collect$$$$0000000E)
    __rt_final_cpp                           0x08000101   Thumb Code     0  entry10a.o(.ARM.Collect$$$$0000000F)
    __rt_final_exit                          0x08000101   Thumb Code     0  entry11a.o(.ARM.Collect$$$$00000011)
    SVC_Handler                              0x08000105   Thumb Code    32  port.o(.emb_text)
    __asm___6_port_c_39a90d8d__prvStartFirstTask 0x08000129   Thumb Code    28  port.o(.emb_text)
    PendSV_Handler                           0x08000149   Thumb Code    72  port.o(.emb_text)
    vPortGetIPSR                             0x08000195   Thumb Code     6  port.o(.emb_text)
    Reset_Handler                            0x0800019d   Thumb Code     8  startup_stm32f10x_md.o(.text)
    ADC1_2_IRQHandler                        0x080001b7   Thumb Code     0  startup_stm32f10x_md.o(.text)
    CAN1_RX1_IRQHandler                      0x080001b7   Thumb Code     0  startup_stm32f10x_md.o(.text)
    CAN1_SCE_IRQHandler                      0x080001b7   Thumb Code     0  startup_stm32f10x_md.o(.text)
    DMA1_Channel1_IRQHandler                 0x080001b7   Thumb Code     0  startup_stm32f10x_md.o(.text)
    DMA1_Channel2_IRQHandler                 0x080001b7   Thumb Code     0  startup_stm32f10x_md.o(.text)
    DMA1_Channel3_IRQHandler                 0x080001b7   Thumb Code     0  startup_stm32f10x_md.o(.text)
    DMA1_Channel4_IRQHandler                 0x080001b7   Thumb Code     0  startup_stm32f10x_md.o(.text)
    DMA1_Channel5_IRQHandler                 0x080001b7   Thumb Code     0  startup_stm32f10x_md.o(.text)
    DMA1_Channel6_IRQHandler                 0x080001b7   Thumb Code     0  startup_stm32f10x_md.o(.text)
    DMA1_Channel7_IRQHandler                 0x080001b7   Thumb Code     0  startup_stm32f10x_md.o(.text)
    EXTI0_IRQHandler                         0x080001b7   Thumb Code     0  startup_stm32f10x_md.o(.text)
    EXTI1_IRQHandler                         0x080001b7   Thumb Code     0  startup_stm32f10x_md.o(.text)
    EXTI2_IRQHandler                         0x080001b7   Thumb Code     0  startup_stm32f10x_md.o(.text)
    EXTI3_IRQHandler                         0x080001b7   Thumb Code     0  startup_stm32f10x_md.o(.text)
    EXTI4_IRQHandler                         0x080001b7   Thumb Code     0  startup_stm32f10x_md.o(.text)
    EXTI9_5_IRQHandler                       0x080001b7   Thumb Code     0  startup_stm32f10x_md.o(.text)
    FLASH_IRQHandler                         0x080001b7   Thumb Code     0  startup_stm32f10x_md.o(.text)
    I2C1_ER_IRQHandler                       0x080001b7   Thumb Code     0  startup_stm32f10x_md.o(.text)
    I2C1_EV_IRQHandler                       0x080001b7   Thumb Code     0  startup_stm32f10x_md.o(.text)
    I2C2_ER_IRQHandler                       0x080001b7   Thumb Code     0  startup_stm32f10x_md.o(.text)
    I2C2_EV_IRQHandler                       0x080001b7   Thumb Code     0  startup_stm32f10x_md.o(.text)
    PVD_IRQHandler                           0x080001b7   Thumb Code     0  startup_stm32f10x_md.o(.text)
    RCC_IRQHandler                           0x080001b7   Thumb Code     0  startup_stm32f10x_md.o(.text)
    RTCAlarm_IRQHandler                      0x080001b7   Thumb Code     0  startup_stm32f10x_md.o(.text)
    RTC_IRQHandler                           0x080001b7   Thumb Code     0  startup_stm32f10x_md.o(.text)
    SPI1_IRQHandler                          0x080001b7   Thumb Code     0  startup_stm32f10x_md.o(.text)
    SPI2_IRQHandler                          0x080001b7   Thumb Code     0  startup_stm32f10x_md.o(.text)
    TAMPER_IRQHandler                        0x080001b7   Thumb Code     0  startup_stm32f10x_md.o(.text)
    TIM1_BRK_IRQHandler                      0x080001b7   Thumb Code     0  startup_stm32f10x_md.o(.text)
    TIM1_CC_IRQHandler                       0x080001b7   Thumb Code     0  startup_stm32f10x_md.o(.text)
    TIM1_TRG_COM_IRQHandler                  0x080001b7   Thumb Code     0  startup_stm32f10x_md.o(.text)
    TIM1_UP_IRQHandler                       0x080001b7   Thumb Code     0  startup_stm32f10x_md.o(.text)
    TIM2_IRQHandler                          0x080001b7   Thumb Code     0  startup_stm32f10x_md.o(.text)
    TIM3_IRQHandler                          0x080001b7   Thumb Code     0  startup_stm32f10x_md.o(.text)
    TIM4_IRQHandler                          0x080001b7   Thumb Code     0  startup_stm32f10x_md.o(.text)
    USART1_IRQHandler                        0x080001b7   Thumb Code     0  startup_stm32f10x_md.o(.text)
    USART2_IRQHandler                        0x080001b7   Thumb Code     0  startup_stm32f10x_md.o(.text)
    USART3_IRQHandler                        0x080001b7   Thumb Code     0  startup_stm32f10x_md.o(.text)
    USBWakeUp_IRQHandler                     0x080001b7   Thumb Code     0  startup_stm32f10x_md.o(.text)
    USB_HP_CAN1_TX_IRQHandler                0x080001b7   Thumb Code     0  startup_stm32f10x_md.o(.text)
    USB_LP_CAN1_RX0_IRQHandler               0x080001b7   Thumb Code     0  startup_stm32f10x_md.o(.text)
    WWDG_IRQHandler                          0x080001b7   Thumb Code     0  startup_stm32f10x_md.o(.text)
    SystemInit                               0x0800029f   Thumb Code    78  system_stm32f10x.o(.text)
    SystemCoreClockUpdate                    0x080002ed   Thumb Code   142  system_stm32f10x.o(.text)
    NVIC_PriorityGroupConfig                 0x080003a1   Thumb Code    10  misc.o(.text)
    NVIC_Init                                0x080003ab   Thumb Code   100  misc.o(.text)
    NVIC_SetVectorTable                      0x0800040f   Thumb Code    14  misc.o(.text)
    NVIC_SystemLPConfig                      0x0800041d   Thumb Code    34  misc.o(.text)
    SysTick_CLKSourceConfig                  0x0800043f   Thumb Code    40  misc.o(.text)
    EXTI_DeInit                              0x0800047d   Thumb Code    28  stm32f10x_exti.o(.text)
    EXTI_Init                                0x08000499   Thumb Code   142  stm32f10x_exti.o(.text)
    EXTI_StructInit                          0x08000527   Thumb Code    16  stm32f10x_exti.o(.text)
    EXTI_GenerateSWInterrupt                 0x08000537   Thumb Code    16  stm32f10x_exti.o(.text)
    EXTI_GetFlagStatus                       0x08000547   Thumb Code    22  stm32f10x_exti.o(.text)
    EXTI_ClearFlag                           0x0800055d   Thumb Code     8  stm32f10x_exti.o(.text)
    EXTI_GetITStatus                         0x08000565   Thumb Code    34  stm32f10x_exti.o(.text)
    EXTI_ClearITPendingBit                   0x08000587   Thumb Code     8  stm32f10x_exti.o(.text)
    GPIO_DeInit                              0x08000599   Thumb Code   172  stm32f10x_gpio.o(.text)
    GPIO_AFIODeInit                          0x08000645   Thumb Code    20  stm32f10x_gpio.o(.text)
    GPIO_Init                                0x08000659   Thumb Code   278  stm32f10x_gpio.o(.text)
    GPIO_StructInit                          0x0800076f   Thumb Code    16  stm32f10x_gpio.o(.text)
    GPIO_ReadInputDataBit                    0x0800077f   Thumb Code    18  stm32f10x_gpio.o(.text)
    GPIO_ReadInputData                       0x08000791   Thumb Code     8  stm32f10x_gpio.o(.text)
    GPIO_ReadOutputDataBit                   0x08000799   Thumb Code    18  stm32f10x_gpio.o(.text)
    GPIO_ReadOutputData                      0x080007ab   Thumb Code     8  stm32f10x_gpio.o(.text)
    GPIO_SetBits                             0x080007b3   Thumb Code     4  stm32f10x_gpio.o(.text)
    GPIO_ResetBits                           0x080007b7   Thumb Code     4  stm32f10x_gpio.o(.text)
    GPIO_WriteBit                            0x080007bb   Thumb Code    10  stm32f10x_gpio.o(.text)
    GPIO_Write                               0x080007c5   Thumb Code     4  stm32f10x_gpio.o(.text)
    GPIO_PinLockConfig                       0x080007c9   Thumb Code    18  stm32f10x_gpio.o(.text)
    GPIO_EventOutputConfig                   0x080007db   Thumb Code    26  stm32f10x_gpio.o(.text)
    GPIO_EventOutputCmd                      0x080007f5   Thumb Code     6  stm32f10x_gpio.o(.text)
    GPIO_PinRemapConfig                      0x080007fb   Thumb Code   138  stm32f10x_gpio.o(.text)
    GPIO_EXTILineConfig                      0x08000885   Thumb Code    66  stm32f10x_gpio.o(.text)
    GPIO_ETH_MediaInterfaceConfig            0x080008c7   Thumb Code     8  stm32f10x_gpio.o(.text)
    RCC_DeInit                               0x080008f5   Thumb Code    64  stm32f10x_rcc.o(.text)
    RCC_HSEConfig                            0x08000935   Thumb Code    70  stm32f10x_rcc.o(.text)
    RCC_GetFlagStatus                        0x0800097b   Thumb Code    56  stm32f10x_rcc.o(.text)
    RCC_WaitForHSEStartUp                    0x080009b3   Thumb Code    56  stm32f10x_rcc.o(.text)
    RCC_AdjustHSICalibrationValue            0x080009eb   Thumb Code    20  stm32f10x_rcc.o(.text)
    RCC_HSICmd                               0x080009ff   Thumb Code     6  stm32f10x_rcc.o(.text)
    RCC_PLLConfig                            0x08000a05   Thumb Code    24  stm32f10x_rcc.o(.text)
    RCC_PLLCmd                               0x08000a1d   Thumb Code     6  stm32f10x_rcc.o(.text)
    RCC_SYSCLKConfig                         0x08000a23   Thumb Code    18  stm32f10x_rcc.o(.text)
    RCC_GetSYSCLKSource                      0x08000a35   Thumb Code    10  stm32f10x_rcc.o(.text)
    RCC_HCLKConfig                           0x08000a3f   Thumb Code    18  stm32f10x_rcc.o(.text)
    RCC_PCLK1Config                          0x08000a51   Thumb Code    18  stm32f10x_rcc.o(.text)
    RCC_PCLK2Config                          0x08000a63   Thumb Code    20  stm32f10x_rcc.o(.text)
    RCC_ITConfig                             0x08000a77   Thumb Code    26  stm32f10x_rcc.o(.text)
    RCC_USBCLKConfig                         0x08000a91   Thumb Code     8  stm32f10x_rcc.o(.text)
    RCC_ADCCLKConfig                         0x08000a99   Thumb Code    18  stm32f10x_rcc.o(.text)
    RCC_LSEConfig                            0x08000aab   Thumb Code    50  stm32f10x_rcc.o(.text)
    RCC_LSICmd                               0x08000add   Thumb Code     6  stm32f10x_rcc.o(.text)
    RCC_RTCCLKConfig                         0x08000ae3   Thumb Code    12  stm32f10x_rcc.o(.text)
    RCC_RTCCLKCmd                            0x08000aef   Thumb Code     8  stm32f10x_rcc.o(.text)
    RCC_GetClocksFreq                        0x08000af7   Thumb Code   192  stm32f10x_rcc.o(.text)
    RCC_AHBPeriphClockCmd                    0x08000bb7   Thumb Code    26  stm32f10x_rcc.o(.text)
    RCC_APB2PeriphClockCmd                   0x08000bd1   Thumb Code    26  stm32f10x_rcc.o(.text)
    RCC_APB1PeriphClockCmd                   0x08000beb   Thumb Code    26  stm32f10x_rcc.o(.text)
    RCC_APB2PeriphResetCmd                   0x08000c05   Thumb Code    26  stm32f10x_rcc.o(.text)
    RCC_APB1PeriphResetCmd                   0x08000c1f   Thumb Code    26  stm32f10x_rcc.o(.text)
    RCC_BackupResetCmd                       0x08000c39   Thumb Code     8  stm32f10x_rcc.o(.text)
    RCC_ClockSecuritySystemCmd               0x08000c41   Thumb Code     6  stm32f10x_rcc.o(.text)
    RCC_MCOConfig                            0x08000c47   Thumb Code     6  stm32f10x_rcc.o(.text)
    RCC_ClearFlag                            0x08000c4d   Thumb Code    14  stm32f10x_rcc.o(.text)
    RCC_GetITStatus                          0x08000c5b   Thumb Code    20  stm32f10x_rcc.o(.text)
    RCC_ClearITPendingBit                    0x08000c6f   Thumb Code     6  stm32f10x_rcc.o(.text)
    EXTI15_10_IRQHandler                     0x08000c99   Thumb Code   148  main.o(.text)
    Key_Task                                 0x08000e31   Thumb Code   100  main.o(.text)
    main                                     0x08000ef1   Thumb Code   104  main.o(.text)
    NMI_Handler                              0x08000fcd   Thumb Code     2  stm32f10x_it.o(.text)
    HardFault_Handler                        0x08000fcf   Thumb Code     4  stm32f10x_it.o(.text)
    MemManage_Handler                        0x08000fd3   Thumb Code     4  stm32f10x_it.o(.text)
    BusFault_Handler                         0x08000fd7   Thumb Code     4  stm32f10x_it.o(.text)
    UsageFault_Handler                       0x08000fdb   Thumb Code     4  stm32f10x_it.o(.text)
    DebugMon_Handler                         0x08000fdf   Thumb Code     2  stm32f10x_it.o(.text)
    SysTick_Handler                          0x08000fe1   Thumb Code    16  stm32f10x_it.o(.text)
    LED_GPIO_Config                          0x08000ff1   Thumb Code    68  bsp_led.o(.text)
    driver_delay_xms                         0x08001039   Thumb Code    28  epaper.o(.text)
    Epaper_Spi_WriteByte                     0x08001055   Thumb Code    72  epaper.o(.text)
    Epaper_READBUSY                          0x0800109d   Thumb Code    22  epaper.o(.text)
    Epaper_Write_Command                     0x080010b3   Thumb Code    44  epaper.o(.text)
    Epaper_Write_Data                        0x080010df   Thumb Code    44  epaper.o(.text)
    EPD_select_LUT                           0x0800110b   Thumb Code    30  epaper.o(.text)
    EPD_W21_Init                             0x08001129   Thumb Code    32  epaper.o(.text)
    EPD_HW_Init_4GRAY                        0x08001149   Thumb Code   280  epaper.o(.text)
    In2bytes_Out1byte_RAM1                   0x08001261   Thumb Code    98  epaper.o(.text)
    In2bytes_Out1byte_RAM2                   0x080012c3   Thumb Code    98  epaper.o(.text)
    EPD_Update_4GRAY_and_DeepSleep           0x08001325   Thumb Code    44  epaper.o(.text)
    EPD_WhiteScreen_ALL_4GRAY                0x08001351   Thumb Code    86  epaper.o(.text)
    EPD_HW_Init                              0x080013a7   Thumb Code   214  epaper.o(.text)
    EPD_Update_and_DeepSleep                 0x0800147d   Thumb Code    44  epaper.o(.text)
    EPD_WhiteScreen_ALL                      0x080014a9   Thumb Code    36  epaper.o(.text)
    EPD_Part_Update_and_DeepSleep            0x080014cd   Thumb Code    44  epaper.o(.text)
    EPD_SetRAMValue_BaseMap                  0x080014f9   Thumb Code    66  epaper.o(.text)
    EPD_Dis_Part                             0x0800153b   Thumb Code   288  epaper.o(.text)
    EPD_WhiteScreen_White                    0x0800165b   Thumb Code    56  epaper.o(.text)
    EPAPER_GPIO_Config                       0x08001695   Thumb Code   206  bsp_epaper.o(.text)
    DS1302_Init                              0x080017b3   Thumb Code    92  ds1302.o(.text)
    DS1302_WriteData                         0x0800184f   Thumb Code   200  ds1302.o(.text)
    DS1302_ReadData                          0x08001917   Thumb Code   220  ds1302.o(.text)
    DS1302_SetTime                           0x080019f3   Thumb Code   282  ds1302.o(.text)
    DS1302_GetTime                           0x08001b0d   Thumb Code   350  ds1302.o(.text)
    EXTI_Key_Config                          0x08001ca7   Thumb Code   142  bsp_exti.o(.text)
    vListInitialise                          0x08001d39   Thumb Code    26  list.o(.text)
    vListInitialiseItem                      0x08001d53   Thumb Code     6  list.o(.text)
    vListInsertEnd                           0x08001d59   Thumb Code    24  list.o(.text)
    vListInsert                              0x08001d71   Thumb Code    52  list.o(.text)
    uxListRemove                             0x08001da5   Thumb Code    40  list.o(.text)
    xQueueGenericReset                       0x08001dcd   Thumb Code   136  queue.o(.text)
    xQueueGenericCreate                      0x08001e7f   Thumb Code    78  queue.o(.text)
    xQueueGenericSend                        0x08002075   Thumb Code   464  queue.o(.text)
    xQueueCreateMutex                        0x08002261   Thumb Code    34  queue.o(.text)
    xQueueGiveMutexRecursive                 0x08002283   Thumb Code    66  queue.o(.text)
    xQueueGenericReceive                     0x08002309   Thumb Code   428  queue.o(.text)
    xQueueTakeMutexRecursive                 0x080024b5   Thumb Code    76  queue.o(.text)
    xQueueCreateCountingSemaphore            0x08002501   Thumb Code    80  queue.o(.text)
    xQueueGenericSendFromISR                 0x08002551   Thumb Code   252  queue.o(.text)
    xQueueGiveFromISR                        0x0800264d   Thumb Code   228  queue.o(.text)
    xQueueReceiveFromISR                     0x08002731   Thumb Code   190  queue.o(.text)
    xQueuePeekFromISR                        0x080027ef   Thumb Code   158  queue.o(.text)
    uxQueueMessagesWaiting                   0x0800288d   Thumb Code    36  queue.o(.text)
    uxQueueSpacesAvailable                   0x080028b1   Thumb Code    42  queue.o(.text)
    uxQueueMessagesWaitingFromISR            0x080028db   Thumb Code    28  queue.o(.text)
    vQueueUnregisterQueue                    0x080028f7   Thumb Code    44  queue.o(.text)
    vQueueDelete                             0x08002923   Thumb Code    38  queue.o(.text)
    xQueueIsQueueEmptyFromISR                0x08002949   Thumb Code    36  queue.o(.text)
    xQueueIsQueueFullFromISR                 0x0800296d   Thumb Code    40  queue.o(.text)
    vQueueAddToRegistry                      0x08002995   Thumb Code    38  queue.o(.text)
    pcQueueGetName                           0x080029bb   Thumb Code    38  queue.o(.text)
    vQueueWaitForMessageRestricted           0x080029e1   Thumb Code    74  queue.o(.text)
    xQueueCreateSet                          0x08002a2b   Thumb Code    20  queue.o(.text)
    xQueueAddToSet                           0x08002a3f   Thumb Code    38  queue.o(.text)
    xQueueRemoveFromSet                      0x08002a65   Thumb Code    48  queue.o(.text)
    xQueueSelectFromSet                      0x08002a95   Thumb Code    26  queue.o(.text)
    xQueueSelectFromSetFromISR               0x08002aaf   Thumb Code    22  queue.o(.text)
    xTaskCreate                              0x08002c45   Thumb Code    96  tasks.o(.text)
    vTaskDelete                              0x08002ce1   Thumb Code   192  tasks.o(.text)
    xTaskIncrementTick                       0x08002da1   Thumb Code   400  tasks.o(.text)
    xTaskResumeAll                           0x08002f31   Thumb Code   218  tasks.o(.text)
    vTaskSuspendAll                          0x08003087   Thumb Code    12  tasks.o(.text)
    vTaskDelayUntil                          0x08003093   Thumb Code   182  tasks.o(.text)
    vTaskDelay                               0x08003149   Thumb Code    76  tasks.o(.text)
    eTaskGetState                            0x08003195   Thumb Code   106  tasks.o(.text)
    uxTaskPriorityGet                        0x080031ff   Thumb Code    30  tasks.o(.text)
    uxTaskPriorityGetFromISR                 0x0800321d   Thumb Code    62  tasks.o(.text)
    vTaskPrioritySet                         0x0800325b   Thumb Code   320  tasks.o(.text)
    vTaskSwitchContext                       0x0800339b   Thumb Code   114  tasks.o(.text)
    vTaskSuspend                             0x0800340d   Thumb Code   190  tasks.o(.text)
    vTaskResume                              0x08003517   Thumb Code   122  tasks.o(.text)
    xTaskResumeFromISR                       0x08003591   Thumb Code   152  tasks.o(.text)
    vTaskStartScheduler                      0x0800369f   Thumb Code   112  tasks.o(.text)
    vTaskEndScheduler                        0x0800370f   Thumb Code    32  tasks.o(.text)
    xTaskGetTickCount                        0x0800372f   Thumb Code     6  tasks.o(.text)
    xTaskGetTickCountFromISR                 0x08003735   Thumb Code    16  tasks.o(.text)
    uxTaskGetNumberOfTasks                   0x08003745   Thumb Code     6  tasks.o(.text)
    pcTaskGetName                            0x0800374b   Thumb Code   114  tasks.o(.text)
    vTaskPlaceOnEventList                    0x080037bd   Thumb Code    46  tasks.o(.text)
    vTaskPlaceOnUnorderedEventList           0x080037eb   Thumb Code    88  tasks.o(.text)
    vTaskPlaceOnEventListRestricted          0x08003843   Thumb Code    54  tasks.o(.text)
    xTaskRemoveFromEventList                 0x08003879   Thumb Code   122  tasks.o(.text)
    xTaskRemoveFromUnorderedEventList        0x080038f3   Thumb Code   142  tasks.o(.text)
    vTaskSetTimeOutState                     0x08003981   Thumb Code    36  tasks.o(.text)
    xTaskCheckForTimeOut                     0x080039a5   Thumb Code   124  tasks.o(.text)
    vTaskMissedYield                         0x08003a21   Thumb Code     8  tasks.o(.text)
    xTaskGetCurrentTaskHandle                0x08003a29   Thumb Code     6  tasks.o(.text)
    xTaskGetSchedulerState                   0x08003a2f   Thumb Code    24  tasks.o(.text)
    vTaskPriorityInherit                     0x08003a47   Thumb Code   164  tasks.o(.text)
    xTaskPriorityDisinherit                  0x08003aeb   Thumb Code   176  tasks.o(.text)
    uxTaskResetEventItemValue                0x08003b9b   Thumb Code    62  tasks.o(.text)
    pvTaskIncrementMutexHeldCount            0x08003bd9   Thumb Code    26  tasks.o(.text)
    ulTaskNotifyTake                         0x08003bf3   Thumb Code   108  tasks.o(.text)
    xTaskNotifyWait                          0x08003c5f   Thumb Code   150  tasks.o(.text)
    xTaskGenericNotify                       0x08003cf5   Thumb Code   230  tasks.o(.text)
    xTaskGenericNotifyFromISR                0x08003ddb   Thumb Code   286  tasks.o(.text)
    vTaskNotifyGiveFromISR                   0x08003ef9   Thumb Code   232  tasks.o(.text)
    xTaskNotifyStateClear                    0x08003fe1   Thumb Code    48  tasks.o(.text)
    xTimerGenericCommand                     0x08004065   Thumb Code   118  timers.o(.text)
    xTimerCreateTimerTask                    0x080043cd   Thumb Code    56  timers.o(.text)
    xTimerCreate                             0x080044af   Thumb Code    48  timers.o(.text)
    xTimerGetTimerDaemonTaskHandle           0x080044df   Thumb Code    38  timers.o(.text)
    xTimerGetPeriod                          0x08004505   Thumb Code    28  timers.o(.text)
    xTimerGetExpiryTime                      0x08004521   Thumb Code    30  timers.o(.text)
    pcTimerGetName                           0x0800453f   Thumb Code    28  timers.o(.text)
    xTimerIsTimerActive                      0x0800455b   Thumb Code    50  timers.o(.text)
    pvTimerGetTimerID                        0x0800458d   Thumb Code    38  timers.o(.text)
    vTimerSetTimerID                         0x080045b3   Thumb Code    38  timers.o(.text)
    xTimerPendFunctionCallFromISR            0x080045d9   Thumb Code    48  timers.o(.text)
    xTimerPendFunctionCall                   0x08004609   Thumb Code    70  timers.o(.text)
    pvPortMalloc                             0x0800471b   Thumb Code   262  heap_4.o(.text)
    vPortFree                                0x08004821   Thumb Code   120  heap_4.o(.text)
    xPortGetFreeHeapSize                     0x08004899   Thumb Code     6  heap_4.o(.text)
    xPortGetMinimumEverFreeHeapSize          0x0800489f   Thumb Code     6  heap_4.o(.text)
    vPortInitialiseBlocks                    0x080048a5   Thumb Code     2  heap_4.o(.text)
    pxPortInitialiseStack                    0x08004929   Thumb Code    30  port.o(.text)
    vPortSetupTimerInterrupt                 0x08004947   Thumb Code    26  port.o(.text)
    xPortStartScheduler                      0x08004961   Thumb Code   140  port.o(.text)
    vPortEndScheduler                        0x080049ed   Thumb Code    34  port.o(.text)
    vPortEnterCritical                       0x08004a0f   Thumb Code    70  port.o(.text)
    vPortExitCritical                        0x08004a55   Thumb Code    48  port.o(.text)
    xPortSysTickHandler                      0x08004a85   Thumb Code    48  port.o(.text)
    vPortValidateInterruptPriority           0x08004ab5   Thumb Code    88  port.o(.text)
    __aeabi_memcpy                           0x08004b61   Thumb Code    36  memcpya.o(.text)
    __aeabi_memcpy4                          0x08004b61   Thumb Code     0  memcpya.o(.text)
    __aeabi_memcpy8                          0x08004b61   Thumb Code     0  memcpya.o(.text)
    __aeabi_uidiv                            0x08004b85   Thumb Code     0  uidiv.o(.text)
    __aeabi_uidivmod                         0x08004b85   Thumb Code    44  uidiv.o(.text)
    __scatterload                            0x08004bb1   Thumb Code    28  init.o(.text)
    __scatterload_rt2                        0x08004bb1   Thumb Code     0  init.o(.text)
    __0printf$3                              0x08004bd5   Thumb Code    22  printf3.o(i.__0printf$3)
    __1printf$3                              0x08004bd5   Thumb Code     0  printf3.o(i.__0printf$3)
    __2printf                                0x08004bd5   Thumb Code     0  printf3.o(i.__0printf$3)
    __I$use$semihosting$fputc                0x08004bd5   Thumb Code     0  iusesemip.o(.text)
    __semihosting_library_function           0x08004bd5   Thumb Code     0  semi.o(.text)
    __scatterload_copy                       0x08004bf5   Thumb Code    14  handlers.o(i.__scatterload_copy)
    __scatterload_null                       0x08004c03   Thumb Code     2  handlers.o(i.__scatterload_null)
    __scatterload_zeroinit                   0x08004c05   Thumb Code    14  handlers.o(i.__scatterload_zeroinit)
    fputc                                    0x08004dcd   Thumb Code    18  fputc.o(i.fputc)
    gImage_num1                              0x08004dde   Data         264  main.o(.constdata)
    gImage_num2                              0x08004ee6   Data         264  main.o(.constdata)
    gImage_num3                              0x08004fee   Data         264  main.o(.constdata)
    gImage_num4                              0x080050f6   Data         264  main.o(.constdata)
    gImage_num5                              0x080051fe   Data         264  main.o(.constdata)
    gImage_num6                              0x08005306   Data         264  main.o(.constdata)
    gImage_num7                              0x0800540e   Data         264  main.o(.constdata)
    gImage_num8                              0x08005516   Data         264  main.o(.constdata)
    gImage_num9                              0x0800561e   Data         264  main.o(.constdata)
    gImage_num0                              0x08005726   Data         264  main.o(.constdata)
    gImage_DOT                               0x0800582e   Data           8  main.o(.constdata)
    gImage_clock                             0x08005836   Data          96  main.o(.constdata)
    gImage_hust                              0x08005896   Data        4736  main.o(.constdata)
    gImage_base                              0x08006b16   Data        4736  main.o(.constdata)
    gImage_dot                               0x08007d96   Data        4736  main.o(.constdata)
    black_block                              0x08009016   Data          20  main.o(.constdata)
    block_shi                                0x0800902a   Data          24  main.o(.constdata)
    gImage_4Gray2                            0x08009042   Data        9472  main.o(.constdata)
    gImage_4Gray4                            0x0800b542   Data        9472  main.o(.constdata)
    LUT_DATA_4Gray                           0x0800da42   Data         159  epaper.o(.constdata)
    Region$$Table$$Base                      0x0800dae4   Number         0  anon$$obj.o(Region$$Table)
    Region$$Table$$Limit                     0x0800db04   Number         0  anon$$obj.o(Region$$Table)
    SystemCoreClock                          0x20000000   Data           4  system_stm32f10x.o(.data)
    AHBPrescTable                            0x20000004   Data          16  system_stm32f10x.o(.data)
    HSEStartUpStatus                         0x20000028   Data           1  main.o(.data)
    xKeyEventQueue                           0x2000003c   Data           4  main.o(.data)
    xHigherPriorityTaskWoken                 0x20000040   Data           4  main.o(.data)
    num_image_arr                            0x20000044   Data          40  main.o(.data)
    Time                                     0x2000006c   Data           7  ds1302.o(.data)
    pxCurrentTCB                             0x20000074   Data           4  tasks.o(.data)
    __stdout                                 0x200000e8   Data           4  stdout.o(.data)
    xQueueRegistry                           0x200000ec   Data          80  queue.o(.bss)
    __initial_sp                             0x20002848   Data           0  startup_stm32f10x_md.o(STACK)



==============================================================================

Memory Map of the image

  Image Entry point : 0x080000ed

  Load Region LR_IROM1 (Base: 0x08000000, Size: 0x0000dbf0, Max: 0x00020000, ABSOLUTE)

    Execution Region ER_IROM1 (Exec base: 0x08000000, Load base: 0x08000000, Size: 0x0000db04, Max: 0x00020000, ABSOLUTE)

    Exec Addr    Load Addr    Size         Type   Attr      Idx    E Section Name        Object

    0x08000000   0x08000000   0x000000ec   Data   RO            3    RESET               startup_stm32f10x_md.o
    0x080000ec   0x080000ec   0x00000000   Code   RO          753  * .ARM.Collect$$$$00000000  mc_w.l(entry.o)
    0x080000ec   0x080000ec   0x00000004   Code   RO         1021    .ARM.Collect$$$$00000001  mc_w.l(entry2.o)
    0x080000f0   0x080000f0   0x00000004   Code   RO         1024    .ARM.Collect$$$$00000004  mc_w.l(entry5.o)
    0x080000f4   0x080000f4   0x00000000   Code   RO         1026    .ARM.Collect$$$$00000008  mc_w.l(entry7b.o)
    0x080000f4   0x080000f4   0x00000000   Code   RO         1028    .ARM.Collect$$$$0000000A  mc_w.l(entry8b.o)
    0x080000f4   0x080000f4   0x00000008   Code   RO         1029    .ARM.Collect$$$$0000000B  mc_w.l(entry9a.o)
    0x080000fc   0x080000fc   0x00000004   Code   RO         1036    .ARM.Collect$$$$0000000E  mc_w.l(entry12b.o)
    0x08000100   0x08000100   0x00000000   Code   RO         1031    .ARM.Collect$$$$0000000F  mc_w.l(entry10a.o)
    0x08000100   0x08000100   0x00000000   Code   RO         1033    .ARM.Collect$$$$00000011  mc_w.l(entry11a.o)
    0x08000100   0x08000100   0x00000004   Code   RO         1022    .ARM.Collect$$$$00002712  mc_w.l(entry2.o)
    0x08000104   0x08000104   0x00000096   Code   RO          723    .emb_text           port.o
    0x0800019a   0x0800019a   0x00000002   PAD
    0x0800019c   0x0800019c   0x00000024   Code   RO            4    .text               startup_stm32f10x_md.o
    0x080001c0   0x080001c0   0x000001e0   Code   RO           24    .text               system_stm32f10x.o
    0x080003a0   0x080003a0   0x000000dc   Code   RO          121    .text               misc.o
    0x0800047c   0x0800047c   0x0000011c   Code   RO          233    .text               stm32f10x_exti.o
    0x08000598   0x08000598   0x0000035c   Code   RO          269    .text               stm32f10x_gpio.o
    0x080008f4   0x080008f4   0x000003a4   Code   RO          317    .text               stm32f10x_rcc.o
    0x08000c98   0x08000c98   0x00000334   Code   RO          403    .text               main.o
    0x08000fcc   0x08000fcc   0x00000024   Code   RO          475    .text               stm32f10x_it.o
    0x08000ff0   0x08000ff0   0x00000048   Code   RO          490    .text               bsp_led.o
    0x08001038   0x08001038   0x0000065a   Code   RO          505    .text               epaper.o
    0x08001692   0x08001692   0x00000002   PAD
    0x08001694   0x08001694   0x000000d8   Code   RO          520    .text               bsp_epaper.o
    0x0800176c   0x0800176c   0x00000504   Code   RO          532    .text               ds1302.o
    0x08001c70   0x08001c70   0x000000c8   Code   RO          568    .text               bsp_exti.o
    0x08001d38   0x08001d38   0x00000094   Code   RO          628    .text               list.o
    0x08001dcc   0x08001dcc   0x00000cfc   Code   RO          640    .text               queue.o
    0x08002ac8   0x08002ac8   0x0000154c   Code   RO          658    .text               tasks.o
    0x08004014   0x08004014   0x00000644   Code   RO          693    .text               timers.o
    0x08004658   0x08004658   0x000002a0   Code   RO          708    .text               heap_4.o
    0x080048f8   0x080048f8   0x00000268   Code   RO          724    .text               port.o
    0x08004b60   0x08004b60   0x00000024   Code   RO          756    .text               mc_w.l(memcpya.o)
    0x08004b84   0x08004b84   0x0000002c   Code   RO         1040    .text               mc_w.l(uidiv.o)
    0x08004bb0   0x08004bb0   0x00000024   Code   RO         1055    .text               mc_w.l(init.o)
    0x08004bd4   0x08004bd4   0x00000000   Code   RO         1057    .text               mc_w.l(semi.o)
    0x08004bd4   0x08004bd4   0x00000000   Code   RO         1064    .text               mc_w.l(iusesemip.o)
    0x08004bd4   0x08004bd4   0x00000020   Code   RO          849    i.__0printf$3       mc_w.l(printf3.o)
    0x08004bf4   0x08004bf4   0x0000000e   Code   RO         1069    i.__scatterload_copy  mc_w.l(handlers.o)
    0x08004c02   0x08004c02   0x00000002   Code   RO         1070    i.__scatterload_null  mc_w.l(handlers.o)
    0x08004c04   0x08004c04   0x0000000e   Code   RO         1071    i.__scatterload_zeroinit  mc_w.l(handlers.o)
    0x08004c12   0x08004c12   0x00000002   PAD
    0x08004c14   0x08004c14   0x000001b8   Code   RO          856    i._printf_core      mc_w.l(printf3.o)
    0x08004dcc   0x08004dcc   0x00000012   Code   RO         1037    i.fputc             mc_w.l(fputc.o)
    0x08004dde   0x08004dde   0x00008c64   Data   RO          404    .constdata          main.o
    0x0800da42   0x0800da42   0x0000009f   Data   RO          506    .constdata          epaper.o
    0x0800dae1   0x0800dae1   0x00000003   PAD
    0x0800dae4   0x0800dae4   0x00000020   Data   RO         1067    Region$$Table       anon$$obj.o


    Execution Region RW_IRAM1 (Exec base: 0x20000000, Load base: 0x0800db04, Size: 0x00002848, Max: 0x00005000, ABSOLUTE)

    Exec Addr    Load Addr    Size         Type   Attr      Idx    E Section Name        Object

    0x20000000   0x0800db04   0x00000014   Data   RW           25    .data               system_stm32f10x.o
    0x20000014   0x0800db18   0x00000014   Data   RW          318    .data               stm32f10x_rcc.o
    0x20000028   0x0800db2c   0x00000044   Data   RW          405    .data               main.o
    0x2000006c   0x0800db70   0x00000007   Data   RW          533    .data               ds1302.o
    0x20000073   0x0800db77   0x00000001   PAD
    0x20000074   0x0800db78   0x0000003c   Data   RW          660    .data               tasks.o
    0x200000b0   0x0800dbb4   0x00000014   Data   RW          695    .data               timers.o
    0x200000c4   0x0800dbc8   0x00000018   Data   RW          710    .data               heap_4.o
    0x200000dc   0x0800dbe0   0x0000000c   Data   RW          725    .data               port.o
    0x200000e8   0x0800dbec   0x00000004   Data   RW         1039    .data               mc_w.l(stdout.o)
    0x200000ec        -       0x00000050   Zero   RW          641    .bss                queue.o
    0x2000013c        -       0x000002e4   Zero   RW          659    .bss                tasks.o
    0x20000420        -       0x00000028   Zero   RW          694    .bss                timers.o
    0x20000448        -       0x00002000   Zero   RW          709    .bss                heap_4.o
    0x20002448        -       0x00000400   Zero   RW            1    STACK               startup_stm32f10x_md.o


==============================================================================

Image component sizes


      Code (inc. data)   RO Data    RW Data    ZI Data      Debug   Object Name

       216         10          0          0          0        605   bsp_epaper.o
       200          4          0          0          0        746   bsp_exti.o
        72          4          0          0          0        506   bsp_led.o
         0          0          0          0          0       4508   core_cm3.o
      1284         26          0          7          0       4080   ds1302.o
      1626         14        159          0          0       6147   epaper.o
         0          0          0          0          0      11764   event_groups.o
       672         82          0         24       8192       3240   heap_4.o
       148          0          0          0          0       1842   list.o
       820        116      35940         68          0      16791   main.o
       220         22          0          0          0       1789   misc.o
       766         96          0         12          0       7627   port.o
      3324         58          0          0         80      15711   queue.o
        36          8        236          0       1024        852   startup_stm32f10x_md.o
       284         10          0          0          0       2247   stm32f10x_exti.o
       860         38          0          0          0       5721   stm32f10x_gpio.o
        36          0          0          0          0       1103   stm32f10x_it.o
       932         36          0         20          0       8892   stm32f10x_rcc.o
       480         38          0         20          0     224543   system_stm32f10x.o
      5452        348          0         60        740      29097   tasks.o
      1604        116          0         20         40       8836   timers.o

    ----------------------------------------------------------------------
     19036       1026      36370        232      10076     356647   Object Totals
         0          0         32          0          0          0   (incl. Generated)
         4          0          3          1          0          0   (incl. Padding)

    ----------------------------------------------------------------------

      Code (inc. data)   RO Data    RW Data    ZI Data      Debug   Library Member Name

         0          0          0          0          0          0   entry.o
         0          0          0          0          0          0   entry10a.o
         0          0          0          0          0          0   entry11a.o
         4          0          0          0          0          0   entry12b.o
         8          4          0          0          0          0   entry2.o
         4          0          0          0          0          0   entry5.o
         0          0          0          0          0          0   entry7b.o
         0          0          0          0          0          0   entry8b.o
         8          4          0          0          0          0   entry9a.o
        18          0          0          0          0         80   fputc.o
        30          0          0          0          0          0   handlers.o
        36          8          0          0          0         68   init.o
         0          0          0          0          0          0   iusesemip.o
        36          0          0          0          0         68   memcpya.o
       472         14          0          0          0        184   printf3.o
         0          0          0          0          0          0   semi.o
         0          0          0          4          0          0   stdout.o
        44          0          0          0          0         80   uidiv.o

    ----------------------------------------------------------------------
       662         30          0          4          0        480   Library Totals
         2          0          0          0          0          0   (incl. Padding)

    ----------------------------------------------------------------------

      Code (inc. data)   RO Data    RW Data    ZI Data      Debug   Library Name

       660         30          0          4          0        480   mc_w.l

    ----------------------------------------------------------------------
       662         30          0          4          0        480   Library Totals

    ----------------------------------------------------------------------

==============================================================================


      Code (inc. data)   RO Data    RW Data    ZI Data      Debug   

     19698       1056      36370        236      10076     355459   Grand Totals
     19698       1056      36370        236      10076     355459   ELF Image Totals
     19698       1056      36370        236          0          0   ROM Totals

==============================================================================

    Total RO  Size (Code + RO Data)                56068 (  54.75kB)
    Total RW  Size (RW Data + ZI Data)             10312 (  10.07kB)
    Total ROM Size (Code + RO Data + RW Data)      56304 (  54.98kB)

==============================================================================

